2026-06-20 14:16:35,627 === Monthly Rebalance [LIVE] — 2026-06-20T14:16:35.627387 ===
2026-06-20 14:16:35,627 Loading S&P 500 universe...
2026-06-20 14:16:35,640   Universe: 503 tickers
2026-06-20 14:16:35,641 Fetching live price and fundamental data...
2026-06-20 14:16:35,643 Failed to create TzCache, reason: Error creating TzCache folder: '/home/runner/.cache/py-yfinance' reason: [Errno 17] File exists: '/home/runner/.cache/py-yfinance'. TzCache will not be used. Tip: You can direct cache to use a different location with 'set_tz_cache_location(mylocation)'
2026-06-20 14:17:04,815 $BF.B: possibly delisted; no price data found  (period=5y)
2026-06-20 14:17:39,482 $BRK.B: possibly delisted; no price data found  (period=5y) (Yahoo error = "No data found, symbol may be delisted")
2026-06-20 14:17:40,855 
2 Failed downloads:
2026-06-20 14:17:40,855 ['BF.B']: possibly delisted; no price data found  (period=5y)
2026-06-20 14:17:40,855 ['BRK.B']: possibly delisted; no price data found  (period=5y) (Yahoo error = "No data found, symbol may be delisted")
2026-06-20 14:19:53,130 Loading historical index data from processed files...
2026-06-20 14:19:53,135 Building factor panel and computing signals...
2026-06-20 14:19:53,162 
--- Strategy: improved_4 ---
2026-06-20 14:19:53,518   Connected to Alpaca. Current holdings: []
2026-06-20 14:20:00,734   Rebalance complete. Holdings: ['APP', 'CL', 'CLX', 'GDDY', 'LITE', 'MAS', 'SATS', 'SNDK', 'STX', 'WDC']
2026-06-20 14:20:00,734 
State saved to /home/runner/work/factor_investing_in_sp500/factor_investing_in_sp500/paper_trading/data/portfolio_state.json
2026-06-20 14:20:00,734 Log: /home/runner/work/factor_investing_in_sp500/factor_investing_in_sp500/paper_trading/logs/rebalance_20260620_141635.log
2026-06-20 14:20:00,734 === Done ===
