2026-09-01 17:35:13,949 === Monthly Rebalance [LIVE] — 2026-09-01T17:35:13.949635 ===
2026-09-01 17:35:13,949 Loading S&P 500 universe...
2026-09-01 17:35:13,953   Universe: 503 tickers
2026-09-01 17:35:13,953 Fetching live price and fundamental data...
2026-09-01 17:35:22,643 $BRK.B: possibly delisted; no price data found  (period=5y) (Yahoo error = "No data found, symbol may be delisted")
2026-09-01 17:35:32,327 HTTP Error 404: {"quoteSummary":{"result":null,"error":{"code":"Not Found","description":"Quote not found for symbol: SATS"}}}
2026-09-01 17:35:32,781 $SATS: possibly delisted; no price data found  (period=5y) (Yahoo error = "No data found, symbol may be delisted")
2026-09-01 17:35:50,620 $BF.B: possibly delisted; no price data found  (period=5y)
2026-09-01 17:35:56,759 
3 Failed downloads:
2026-09-01 17:35:56,759 ['BRK.B', 'SATS']: possibly delisted; no price data found  (period=5y) (Yahoo error = "No data found, symbol may be delisted")
2026-09-01 17:35:56,759 ['BF.B']: possibly delisted; no price data found  (period=5y)
2026-09-01 17:36:38,957 HTTP Error 404: {"quoteSummary":{"result":null,"error":{"code":"Not Found","description":"Quote not found for symbol: SATS"}}}
2026-09-01 17:38:05,248 Loading historical index data from processed files...
2026-09-01 17:38:05,253 Building factor panel and computing signals...
2026-09-01 17:38:05,279 
--- Strategy: improved_4 ---
2026-09-01 17:38:05,454   Connected to Alpaca. Current holdings: ['AAPL', 'APP', 'CL', 'CLX', 'GDDY', 'INTC', 'MAS', 'MU', 'SNDK', 'STX']
2026-09-01 17:38:10,402   Rebalance complete. Holdings: ['DELL', 'LITE', 'LRCX', 'MAS', 'MU', 'SNDK', 'STX', 'TER', 'TPR', 'WDC']
2026-09-01 17:38:10,403 
State saved to /home/runner/work/factor_investing_in_sp500/factor_investing_in_sp500/paper_trading/data/portfolio_state.json
2026-09-01 17:38:10,403 Log: /home/runner/work/factor_investing_in_sp500/factor_investing_in_sp500/paper_trading/logs/rebalance_20260901_173513.log
2026-09-01 17:38:10,403 === Done ===
