2026-06-19 21:23:06,652 === Monthly Rebalance [DRY RUN] — 2026-06-19T21:23:06.652705 ===
2026-06-19 21:23:06,652 Loading S&P 500 universe...
2026-06-19 21:23:06,656   Universe: 503 tickers
2026-06-19 21:23:06,657 Fetching live price and fundamental data...
2026-06-19 21:23:07,089 Failed to get ticker 'ACN' reason: Expecting value: line 1 column 1 (char 0)
2026-06-19 21:23:07,178 Failed to get ticker 'VICI' reason: Expecting value: line 1 column 1 (char 0)
2026-06-19 21:23:07,188 Failed to get ticker 'TJX' reason: Expecting value: line 1 column 1 (char 0)
2026-06-19 21:23:07,198 Failed to get ticker 'MA' reason: Expecting value: line 1 column 1 (char 0)
2026-06-19 21:23:07,249 HTTP Error 403: Host not in allowlist: query2.finance.yahoo.com. Add this host to your network egress settings to allow access.
2026-06-19 21:23:07,315 $TJX: possibly delisted; no price data found  (period=5y)
2026-06-19 21:23:07,341 $MA: possibly delisted; no price data found  (period=5y)
2026-06-19 21:23:07,370 HTTP Error 403: Host not in allowlist: query2.finance.yahoo.com. Add this host to your network egress settings to allow access.
2026-06-19 21:23:07,488 HTTP Error 403: Host not in allowlist: query1.finance.yahoo.com. Add this host to your network egress settings to allow access.
2026-06-19 21:23:07,516 HTTP Error 403: Host not in allowlist: query1.finance.yahoo.com. Add this host to your network egress settings to allow access.
2026-06-19 21:23:07,527 Failed to get ticker 'AMGN' reason: Expecting value: line 1 column 1 (char 0)
2026-06-19 21:23:07,603 Failed to get ticker 'INTC' reason: Expecting value: line 1 column 1 (char 0)
2026-06-19 21:23:07,743 Failed to get ticker 'SHW' reason: Expecting value: line 1 column 1 (char 0)
2026-06-19 21:23:07,751 $AMGN: possibly delisted; no price data found  (period=5y)
2026-06-19 21:23:07,778 $INTC: possibly delisted; no price data found  (period=5y)
2026-06-19 21:23:07,863 Failed to get ticker 'FITB' reason: Expecting value: line 1 column 1 (char 0)
2026-06-19 21:23:07,926 $SHW: possibly delisted; no price data found  (period=5y)
2026-06-19 21:23:08,023 Failed to get ticker 'DVN' reason: Expecting value: line 1 column 1 (char 0)
2026-06-19 21:23:08,027 $FITB: possibly delisted; no price data found  (period=5y)
2026-06-19 21:23:08,062 Failed to get ticker 'SRE' reason: Expecting value: line 1 column 1 (char 0)
2026-06-19 21:23:08,126 $DVN: possibly delisted; no price data found  (period=5y)
2026-06-19 21:23:08,196 Failed to get ticker 'KHC' reason: Expecting value: line 1 column 1 (char 0)
2026-06-19 21:23:08,252 $SRE: possibly delisted; no price data found  (period=5y)
2026-06-19 21:23:08,286 Failed to get ticker 'GWW' reason: Expecting value: line 1 column 1 (char 0)
2026-06-19 21:23:08,363 $KHC: possibly delisted; no price data found  (period=5y)
2026-06-19 21:23:08,422 Failed to get ticker 'PCG' reason: Expecting value: line 1 column 1 (char 0)
2026-06-19 21:23:08,484 Failed to get ticker 'LDOS' reason: Expecting value: line 1 column 1 (char 0)
2026-06-19 21:23:08,576 $GWW: possibly delisted; no price data found  (period=5y)
2026-06-19 21:23:08,601 Failed to get ticker 'PGR' reason: Expecting value: line 1 column 1 (char 0)
2026-06-19 21:23:08,667 $LDOS: possibly delisted; no price data found  (period=5y)
2026-06-19 21:23:08,714 Failed to get ticker 'LRCX' reason: Expecting value: line 1 column 1 (char 0)
2026-06-19 21:23:08,722 $PCG: possibly delisted; no price data found  (period=5y)
2026-06-19 21:23:08,841 $PGR: possibly delisted; no price data found  (period=5y)
2026-06-19 21:23:08,883 Failed to get ticker 'PH' reason: Expecting value: line 1 column 1 (char 0)
2026-06-19 21:23:08,967 $LRCX: possibly delisted; no price data found  (period=5y)
2026-06-19 21:23:09,028 Failed to get ticker 'MOS' reason: Expecting value: line 1 column 1 (char 0)
2026-06-19 21:23:09,038 Failed to get ticker 'DDOG' reason: Expecting value: line 1 column 1 (char 0)
2026-06-19 21:23:09,143 $PH: possibly delisted; no price data found  (period=5y)
2026-06-19 21:23:09,148 $MOS: possibly delisted; no price data found  (period=5y)
2026-06-19 21:23:09,157 Failed to get ticker 'NWSA' reason: Expecting value: line 1 column 1 (char 0)
2026-06-19 21:23:09,162 $DDOG: possibly delisted; no price data found  (period=5y)
2026-06-19 21:23:09,310 Failed to get ticker 'HAS' reason: Expecting value: line 1 column 1 (char 0)
2026-06-19 21:23:09,373 Failed to get ticker 'SJM' reason: Expecting value: line 1 column 1 (char 0)
2026-06-19 21:23:09,435 Failed to get ticker 'BR' reason: Expecting value: line 1 column 1 (char 0)
2026-06-19 21:23:09,483 $NWSA: possibly delisted; no price data found  (period=5y)
2026-06-19 21:23:09,505 $HAS: possibly delisted; no price data found  (period=5y)
2026-06-19 21:23:09,534 $SJM: possibly delisted; no price data found  (period=5y)
2026-06-19 21:23:09,562 $BR: possibly delisted; no price data found  (period=5y)
2026-06-19 21:23:09,748 Failed to get ticker 'FDX' reason: Expecting value: line 1 column 1 (char 0)
2026-06-19 21:23:09,802 Failed to get ticker 'IBM' reason: Expecting value: line 1 column 1 (char 0)
2026-06-19 21:23:09,899 Failed to get ticker 'BSX' reason: Expecting value: line 1 column 1 (char 0)
2026-06-19 21:23:09,968 Failed to get ticker 'EFX' reason: Expecting value: line 1 column 1 (char 0)
2026-06-19 21:23:09,995 $FDX: possibly delisted; no price data found  (period=5y)
2026-06-19 21:23:10,030 $IBM: possibly delisted; no price data found  (period=5y)
2026-06-19 21:23:10,040 $BSX: possibly delisted; no price data found  (period=5y)
2026-06-19 21:23:10,087 $EFX: possibly delisted; no price data found  (period=5y)
2026-06-19 21:23:10,197 Failed to get ticker 'CNC' reason: Expecting value: line 1 column 1 (char 0)
2026-06-19 21:23:10,259 Failed to get ticker 'CHTR' reason: Expecting value: line 1 column 1 (char 0)
2026-06-19 21:23:10,264 Failed to get ticker 'ADSK' reason: Expecting value: line 1 column 1 (char 0)
2026-06-19 21:23:10,350 $CNC: possibly delisted; no price data found  (period=5y)
2026-06-19 21:23:10,362 Failed to get ticker 'GOOG' reason: Expecting value: line 1 column 1 (char 0)
2026-06-19 21:23:10,372 $CHTR: possibly delisted; no price data found  (period=5y)
2026-06-19 21:23:10,381 $ADSK: possibly delisted; no price data found  (period=5y)
2026-06-19 21:23:10,527 $GOOG: possibly delisted; no price data found  (period=5y)
2026-06-19 21:23:10,583 Failed to get ticker 'WY' reason: Expecting value: line 1 column 1 (char 0)
2026-06-19 21:23:10,637 Failed to get ticker 'MSI' reason: Expecting value: line 1 column 1 (char 0)
2026-06-19 21:23:10,668 Failed to get ticker 'MNST' reason: Expecting value: line 1 column 1 (char 0)
2026-06-19 21:23:10,711 $WY: possibly delisted; no price data found  (period=5y)
2026-06-19 21:23:10,765 $MSI: possibly delisted; no price data found  (period=5y)
2026-06-19 21:23:10,775 $MNST: possibly delisted; no price data found  (period=5y)
2026-06-19 21:23:10,863 Failed to get ticker 'GM' reason: Expecting value: line 1 column 1 (char 0)
2026-06-19 21:23:10,949 Failed to get ticker 'FCX' reason: Expecting value: line 1 column 1 (char 0)
2026-06-19 21:23:11,020 Failed to get ticker 'AMCR' reason: Expecting value: line 1 column 1 (char 0)
2026-06-19 21:23:11,084 $GM: possibly delisted; no price data found  (period=5y)
2026-06-19 21:23:11,105 Failed to get ticker 'PPG' reason: Expecting value: line 1 column 1 (char 0)
2026-06-19 21:23:11,158 $FCX: possibly delisted; no price data found  (period=5y)
2026-06-19 21:23:11,179 $AMCR: possibly delisted; no price data found  (period=5y)
2026-06-19 21:23:11,195 Failed to get ticker 'TRV' reason: Expecting value: line 1 column 1 (char 0)
2026-06-19 21:23:11,302 $PPG: possibly delisted; no price data found  (period=5y)
2026-06-19 21:23:11,352 Failed to get ticker 'TTD' reason: Expecting value: line 1 column 1 (char 0)
2026-06-19 21:23:11,411 Failed to get ticker 'AON' reason: Expecting value: line 1 column 1 (char 0)
2026-06-19 21:23:11,563 $TRV: possibly delisted; no price data found  (period=5y)
2026-06-19 21:23:11,577 $TTD: possibly delisted; no price data found  (period=5y)
2026-06-19 21:23:11,582 Failed to get ticker 'LHX' reason: Expecting value: line 1 column 1 (char 0)
2026-06-19 21:23:11,590 $AON: possibly delisted; no price data found  (period=5y)
2026-06-19 21:23:11,724 Failed to get ticker 'AWK' reason: Expecting value: line 1 column 1 (char 0)
2026-06-19 21:23:11,792 Failed to get ticker 'RSG' reason: Expecting value: line 1 column 1 (char 0)
2026-06-19 21:23:11,824 $LHX: possibly delisted; no price data found  (period=5y)
2026-06-19 21:23:11,836 Failed to get ticker 'COF' reason: Expecting value: line 1 column 1 (char 0)
2026-06-19 21:23:11,912 $AWK: possibly delisted; no price data found  (period=5y)
2026-06-19 21:23:11,934 $RSG: possibly delisted; no price data found  (period=5y)
2026-06-19 21:23:11,990 Failed to get ticker 'EBAY' reason: Expecting value: line 1 column 1 (char 0)
2026-06-19 21:23:12,018 $COF: possibly delisted; no price data found  (period=5y)
2026-06-19 21:23:12,135 Failed to get ticker 'CSGP' reason: Expecting value: line 1 column 1 (char 0)
2026-06-19 21:23:12,190 Failed to get ticker 'RTX' reason: Expecting value: line 1 column 1 (char 0)
2026-06-19 21:23:12,242 Failed to get ticker 'HIG' reason: Expecting value: line 1 column 1 (char 0)
2026-06-19 21:23:12,282 $EBAY: possibly delisted; no price data found  (period=5y)
2026-06-19 21:23:12,305 $CSGP: possibly delisted; no price data found  (period=5y)
2026-06-19 21:23:12,387 $HIG: possibly delisted; no price data found  (period=5y)
2026-06-19 21:23:12,398 $RTX: possibly delisted; no price data found  (period=5y)
2026-06-19 21:23:12,464 Failed to get ticker 'DPZ' reason: Expecting value: line 1 column 1 (char 0)
2026-06-19 21:23:12,521 Failed to get ticker 'AVB' reason: Expecting value: line 1 column 1 (char 0)
2026-06-19 21:23:12,587 Failed to get ticker 'TSLA' reason: Expecting value: line 1 column 1 (char 0)
2026-06-19 21:23:12,604 $DPZ: possibly delisted; no price data found  (period=5y)
2026-06-19 21:23:12,610 Failed to get ticker 'URI' reason: Expecting value: line 1 column 1 (char 0)
2026-06-19 21:23:12,657 $AVB: possibly delisted; no price data found  (period=5y)
2026-06-19 21:23:12,695 $TSLA: possibly delisted; no price data found  (period=5y)
2026-06-19 21:23:12,773 $URI: possibly delisted; no price data found  (period=5y)
2026-06-19 21:23:12,833 Failed to get ticker 'SOLV' reason: Expecting value: line 1 column 1 (char 0)
2026-06-19 21:23:12,889 Failed to get ticker 'DASH' reason: Expecting value: line 1 column 1 (char 0)
2026-06-19 21:23:13,018 Failed to get ticker 'FOX' reason: Expecting value: line 1 column 1 (char 0)
2026-06-19 21:23:13,042 $SOLV: possibly delisted; no price data found  (period=5y)
2026-06-19 21:23:13,051 $DASH: possibly delisted; no price data found  (period=5y)
2026-06-19 21:23:13,057 Failed to get ticker 'SYF' reason: Expecting value: line 1 column 1 (char 0)
2026-06-19 21:23:13,145 $FOX: possibly delisted; no price data found  (period=5y)
2026-06-19 21:23:13,206 Failed to get ticker 'NVDA' reason: Expecting value: line 1 column 1 (char 0)
2026-06-19 21:23:13,267 Failed to get ticker 'AMT' reason: Expecting value: line 1 column 1 (char 0)
2026-06-19 21:23:13,302 $SYF: possibly delisted; no price data found  (period=5y)
2026-06-19 21:23:13,368 $NVDA: possibly delisted; no price data found  (period=5y)
2026-06-19 21:23:13,392 $AMT: possibly delisted; no price data found  (period=5y)
2026-06-19 21:23:13,454 Failed to get ticker 'SWKS' reason: Expecting value: line 1 column 1 (char 0)
2026-06-19 21:23:13,584 Failed to get ticker 'CDW' reason: Expecting value: line 1 column 1 (char 0)
2026-06-19 21:23:13,590 Failed to get ticker 'MS' reason: Expecting value: line 1 column 1 (char 0)
2026-06-19 21:23:13,615 $SWKS: possibly delisted; no price data found  (period=5y)
2026-06-19 21:23:13,619 Failed to get ticker 'CARR' reason: Expecting value: line 1 column 1 (char 0)
2026-06-19 21:23:13,727 $CDW: possibly delisted; no price data found  (period=5y)
2026-06-19 21:23:13,791 $MS: possibly delisted; no price data found  (period=5y)
2026-06-19 21:23:13,798 Failed to get ticker 'MAR' reason: Expecting value: line 1 column 1 (char 0)
2026-06-19 21:23:13,805 $CARR: possibly delisted; no price data found  (period=5y)
2026-06-19 21:23:13,927 $MAR: possibly delisted; no price data found  (period=5y)
2026-06-19 21:23:13,950 Failed to get ticker 'BEN' reason: Expecting value: line 1 column 1 (char 0)
2026-06-19 21:23:13,982 Failed to get ticker 'KVUE' reason: Expecting value: line 1 column 1 (char 0)
2026-06-19 21:23:13,990 Failed to get ticker 'CTSH' reason: Expecting value: line 1 column 1 (char 0)
2026-06-19 21:23:14,093 $BEN: possibly delisted; no price data found  (period=5y)
2026-06-19 21:23:14,101 $KVUE: possibly delisted; no price data found  (period=5y)
2026-06-19 21:23:14,115 Failed to get ticker 'CIEN' reason: Expecting value: line 1 column 1 (char 0)
2026-06-19 21:23:14,116 $CTSH: possibly delisted; no price data found  (period=5y)
2026-06-19 21:23:14,314 Failed to get ticker 'COST' reason: Expecting value: line 1 column 1 (char 0)
2026-06-19 21:23:14,345 $CIEN: possibly delisted; no price data found  (period=5y)
2026-06-19 21:23:14,359 Failed to get ticker 'HD' reason: Expecting value: line 1 column 1 (char 0)
2026-06-19 21:23:14,419 Failed to get ticker 'AIG' reason: Expecting value: line 1 column 1 (char 0)
2026-06-19 21:23:14,488 $COST: possibly delisted; no price data found  (period=5y)
2026-06-19 21:23:14,552 Failed to get ticker 'RJF' reason: Expecting value: line 1 column 1 (char 0)
2026-06-19 21:23:14,561 $AIG: possibly delisted; no price data found  (period=5y)
2026-06-19 21:23:14,642 $HD: possibly delisted; no price data found  (period=5y)
2026-06-19 21:23:14,767 Failed to get ticker 'GDDY' reason: Expecting value: line 1 column 1 (char 0)
2026-06-19 21:23:14,770 $RJF: possibly delisted; no price data found  (period=5y)
2026-06-19 21:23:14,781 Failed to get ticker 'APO' reason: Expecting value: line 1 column 1 (char 0)
2026-06-19 21:23:14,807 Failed to get ticker 'META' reason: Expecting value: line 1 column 1 (char 0)
2026-06-19 21:23:14,854 $GDDY: possibly delisted; no price data found  (period=5y)
2026-06-19 21:23:14,920 $APO: possibly delisted; no price data found  (period=5y)
2026-06-19 21:23:14,935 Failed to get ticker 'GEHC' reason: Expecting value: line 1 column 1 (char 0)
2026-06-19 21:23:14,958 $META: possibly delisted; no price data found  (period=5y)
2026-06-19 21:23:15,082 Failed to get ticker 'GEV' reason: Expecting value: line 1 column 1 (char 0)
2026-06-19 21:23:15,115 $GEHC: possibly delisted; no price data found  (period=5y)
2026-06-19 21:23:15,126 Failed to get ticker 'NEM' reason: Expecting value: line 1 column 1 (char 0)
2026-06-19 21:23:15,138 Failed to get ticker 'TYL' reason: Expecting value: line 1 column 1 (char 0)
2026-06-19 21:23:15,192 $GEV: possibly delisted; no price data found  (period=5y)
2026-06-19 21:23:15,203 $NEM: possibly delisted; no price data found  (period=5y)
2026-06-19 21:23:15,262 Failed to get ticker 'VTR' reason: Expecting value: line 1 column 1 (char 0)
2026-06-19 21:23:15,310 $TYL: possibly delisted; no price data found  (period=5y)
2026-06-19 21:23:15,383 Failed to get ticker 'COP' reason: Expecting value: line 1 column 1 (char 0)
2026-06-19 21:23:15,401 $VTR: possibly delisted; no price data found  (period=5y)
2026-06-19 21:23:15,418 Failed to get ticker 'WRB' reason: Expecting value: line 1 column 1 (char 0)
2026-06-19 21:23:15,481 Failed to get ticker 'DXCM' reason: Expecting value: line 1 column 1 (char 0)
2026-06-19 21:23:15,539 Failed to get ticker 'GS' reason: Expecting value: line 1 column 1 (char 0)
2026-06-19 21:23:15,543 $COP: possibly delisted; no price data found  (period=5y)
2026-06-19 21:23:15,565 $WRB: possibly delisted; no price data found  (period=5y)
2026-06-19 21:23:15,666 $GS: possibly delisted; no price data found  (period=5y)
2026-06-19 21:23:15,676 Failed to get ticker 'TECH' reason: Expecting value: line 1 column 1 (char 0)
2026-06-19 21:23:15,678 $DXCM: possibly delisted; no price data found  (period=5y)
2026-06-19 21:23:15,707 Failed to get ticker 'CRWD' reason: Expecting value: line 1 column 1 (char 0)
2026-06-19 21:23:15,784 $TECH: possibly delisted; no price data found  (period=5y)
2026-06-19 21:23:15,828 Failed to get ticker 'LII' reason: Expecting value: line 1 column 1 (char 0)
2026-06-19 21:23:15,835 $CRWD: possibly delisted; no price data found  (period=5y)
2026-06-19 21:23:15,838 Failed to get ticker 'XEL' reason: Expecting value: line 1 column 1 (char 0)
2026-06-19 21:23:15,905 $LII: possibly delisted; no price data found  (period=5y)
2026-06-19 21:23:15,939 $XEL: possibly delisted; no price data found  (period=5y)
2026-06-19 21:23:15,984 Failed to get ticker 'DRI' reason: Expecting value: line 1 column 1 (char 0)
2026-06-19 21:23:16,052 Failed to get ticker 'WMB' reason: Expecting value: line 1 column 1 (char 0)
2026-06-19 21:23:16,133 Failed to get ticker 'PLD' reason: Expecting value: line 1 column 1 (char 0)
2026-06-19 21:23:16,158 $DRI: possibly delisted; no price data found  (period=5y)
2026-06-19 21:23:16,173 Failed to get ticker 'NOC' reason: Expecting value: line 1 column 1 (char 0)
2026-06-19 21:23:16,180 $WMB: possibly delisted; no price data found  (period=5y)
2026-06-19 21:23:16,282 $PLD: possibly delisted; no price data found  (period=5y)
2026-06-19 21:23:16,288 $NOC: possibly delisted; no price data found  (period=5y)
2026-06-19 21:23:16,309 Failed to get ticker 'DVA' reason: Expecting value: line 1 column 1 (char 0)
2026-06-19 21:23:16,327 Failed to get ticker 'FFIV' reason: Expecting value: line 1 column 1 (char 0)
2026-06-19 21:23:16,421 Failed to get ticker 'DHI' reason: Expecting value: line 1 column 1 (char 0)
2026-06-19 21:23:16,433 Failed to get ticker 'EXPE' reason: Expecting value: line 1 column 1 (char 0)
2026-06-19 21:23:16,442 $FFIV: possibly delisted; no price data found  (period=5y)
2026-06-19 21:23:16,453 $DVA: possibly delisted; no price data found  (period=5y)
2026-06-19 21:23:16,582 Failed to get ticker 'RL' reason: Expecting value: line 1 column 1 (char 0)
2026-06-19 21:23:16,584 $DHI: possibly delisted; no price data found  (period=5y)
2026-06-19 21:23:16,597 $EXPE: possibly delisted; no price data found  (period=5y)
2026-06-19 21:23:16,606 Failed to get ticker 'CBOE' reason: Expecting value: line 1 column 1 (char 0)
2026-06-19 21:23:16,682 $RL: possibly delisted; no price data found  (period=5y)
2026-06-19 21:23:16,729 $CBOE: possibly delisted; no price data found  (period=5y)
2026-06-19 21:23:16,776 Failed to get ticker 'BKNG' reason: Expecting value: line 1 column 1 (char 0)
2026-06-19 21:23:16,802 Failed to get ticker 'WELL' reason: Expecting value: line 1 column 1 (char 0)
2026-06-19 21:23:16,870 Failed to get ticker 'EW' reason: Expecting value: line 1 column 1 (char 0)
2026-06-19 21:23:16,882 $BKNG: possibly delisted; no price data found  (period=5y)
2026-06-19 21:23:16,899 Failed to get ticker 'EQT' reason: Expecting value: line 1 column 1 (char 0)
2026-06-19 21:23:16,960 $WELL: possibly delisted; no price data found  (period=5y)
2026-06-19 21:23:16,980 $EW: possibly delisted; no price data found  (period=5y)
2026-06-19 21:23:17,022 Failed to get ticker 'UBER' reason: Expecting value: line 1 column 1 (char 0)
2026-06-19 21:23:17,118 $EQT: possibly delisted; no price data found  (period=5y)
2026-06-19 21:23:17,176 Failed to get ticker 'APD' reason: Expecting value: line 1 column 1 (char 0)
2026-06-19 21:23:17,185 Failed to get ticker 'STX' reason: Expecting value: line 1 column 1 (char 0)
2026-06-19 21:23:17,199 $UBER: possibly delisted; no price data found  (period=5y)
2026-06-19 21:23:17,262 Failed to get ticker 'ROST' reason: Expecting value: line 1 column 1 (char 0)
2026-06-19 21:23:17,286 $APD: possibly delisted; no price data found  (period=5y)
2026-06-19 21:23:17,296 $STX: possibly delisted; no price data found  (period=5y)
2026-06-19 21:23:17,369 $ROST: possibly delisted; no price data found  (period=5y)
2026-06-19 21:23:17,380 Failed to get ticker 'MSFT' reason: Expecting value: line 1 column 1 (char 0)
2026-06-19 21:23:17,422 Failed to get ticker 'PSA' reason: Expecting value: line 1 column 1 (char 0)
2026-06-19 21:23:17,424 Failed to get ticker 'RCL' reason: Expecting value: line 1 column 1 (char 0)
2026-06-19 21:23:17,493 $MSFT: possibly delisted; no price data found  (period=5y)
2026-06-19 21:23:17,525 $PSA: possibly delisted; no price data found  (period=5y)
2026-06-19 21:23:17,529 $RCL: possibly delisted; no price data found  (period=5y)
2026-06-19 21:23:17,572 Failed to get ticker 'IBKR' reason: Expecting value: line 1 column 1 (char 0)
2026-06-19 21:23:17,677 Failed to get ticker 'JCI' reason: Expecting value: line 1 column 1 (char 0)
2026-06-19 21:23:17,714 Failed to get ticker 'L' reason: Expecting value: line 1 column 1 (char 0)
2026-06-19 21:23:17,780 Failed to get ticker 'BXP' reason: Expecting value: line 1 column 1 (char 0)
2026-06-19 21:23:17,798 $IBKR: possibly delisted; no price data found  (period=5y)
2026-06-19 21:23:17,906 $JCI: possibly delisted; no price data found  (period=5y)
2026-06-19 21:23:17,919 $BXP: possibly delisted; no price data found  (period=5y)
2026-06-19 21:23:17,925 $L: possibly delisted; no price data found  (period=5y)
2026-06-19 21:23:17,951 Failed to get ticker 'EMR' reason: Expecting value: line 1 column 1 (char 0)
2026-06-19 21:23:18,070 Failed to get ticker 'SPG' reason: Expecting value: line 1 column 1 (char 0)
2026-06-19 21:23:18,091 $EMR: possibly delisted; no price data found  (period=5y)
2026-06-19 21:23:18,106 Failed to get ticker 'PCAR' reason: Expecting value: line 1 column 1 (char 0)
2026-06-19 21:23:18,117 Failed to get ticker 'TRMB' reason: Expecting value: line 1 column 1 (char 0)
2026-06-19 21:23:18,169 $SPG: possibly delisted; no price data found  (period=5y)
2026-06-19 21:23:18,212 $PCAR: possibly delisted; no price data found  (period=5y)
2026-06-19 21:23:18,267 $TRMB: possibly delisted; no price data found  (period=5y)
2026-06-19 21:23:18,271 Failed to get ticker 'GLW' reason: Expecting value: line 1 column 1 (char 0)
2026-06-19 21:23:18,409 Failed to get ticker 'MU' reason: Expecting value: line 1 column 1 (char 0)
2026-06-19 21:23:18,442 Failed to get ticker 'AMZN' reason: Expecting value: line 1 column 1 (char 0)
2026-06-19 21:23:18,464 Failed to get ticker 'EXR' reason: Expecting value: line 1 column 1 (char 0)
2026-06-19 21:23:18,469 $GLW: possibly delisted; no price data found  (period=5y)
2026-06-19 21:23:18,499 $MU: possibly delisted; no price data found  (period=5y)
2026-06-19 21:23:18,534 $AMZN: possibly delisted; no price data found  (period=5y)
2026-06-19 21:23:18,591 $EXR: possibly delisted; no price data found  (period=5y)
2026-06-19 21:23:18,654 Failed to get ticker 'FE' reason: Expecting value: line 1 column 1 (char 0)
2026-06-19 21:23:18,708 Failed to get ticker 'VST' reason: Expecting value: line 1 column 1 (char 0)
2026-06-19 21:23:18,817 Failed to get ticker 'SNPS' reason: Expecting value: line 1 column 1 (char 0)
2026-06-19 21:23:18,821 $FE: possibly delisted; no price data found  (period=5y)
2026-06-19 21:23:18,835 Failed to get ticker 'KKR' reason: Expecting value: line 1 column 1 (char 0)
2026-06-19 21:23:18,838 $VST: possibly delisted; no price data found  (period=5y)
2026-06-19 21:23:18,905 $SNPS: possibly delisted; no price data found  (period=5y)
2026-06-19 21:23:18,909 $KKR: possibly delisted; no price data found  (period=5y)
2026-06-19 21:23:18,974 Failed to get ticker 'SYY' reason: Expecting value: line 1 column 1 (char 0)
2026-06-19 21:23:19,026 Failed to get ticker 'EME' reason: Expecting value: line 1 column 1 (char 0)
2026-06-19 21:23:19,083 $SYY: possibly delisted; no price data found  (period=5y)
2026-06-19 21:23:19,097 Failed to get ticker 'MDT' reason: Expecting value: line 1 column 1 (char 0)
2026-06-19 21:23:19,121 $EME: possibly delisted; no price data found  (period=5y)
2026-06-19 21:23:19,126 Failed to get ticker 'MTB' reason: Expecting value: line 1 column 1 (char 0)
2026-06-19 21:23:19,217 $MDT: possibly delisted; no price data found  (period=5y)
2026-06-19 21:23:19,250 $MTB: possibly delisted; no price data found  (period=5y)
2026-06-19 21:23:19,261 Failed to get ticker 'KDP' reason: Expecting value: line 1 column 1 (char 0)
2026-06-19 21:23:19,314 Failed to get ticker 'KR' reason: Expecting value: line 1 column 1 (char 0)
2026-06-19 21:23:19,366 Failed to get ticker 'HBAN' reason: Expecting value: line 1 column 1 (char 0)
2026-06-19 21:23:19,403 $KDP: possibly delisted; no price data found  (period=5y)
2026-06-19 21:23:19,409 $KR: possibly delisted; no price data found  (period=5y)
2026-06-19 21:23:19,425 Failed to get ticker 'GPC' reason: Expecting value: line 1 column 1 (char 0)
2026-06-19 21:23:19,532 Failed to get ticker 'BAX' reason: Expecting value: line 1 column 1 (char 0)
2026-06-19 21:23:19,572 Failed to get ticker 'COHR' reason: Expecting value: line 1 column 1 (char 0)
2026-06-19 21:23:19,573 $GPC: possibly delisted; no price data found  (period=5y)
2026-06-19 21:23:19,580 $HBAN: possibly delisted; no price data found  (period=5y)
2026-06-19 21:23:19,649 $BAX: possibly delisted; no price data found  (period=5y)
2026-06-19 21:23:19,660 Failed to get ticker 'VZ' reason: Expecting value: line 1 column 1 (char 0)
2026-06-19 21:23:19,664 $COHR: possibly delisted; no price data found  (period=5y)
2026-06-19 21:23:19,713 Failed to get ticker 'AXP' reason: Expecting value: line 1 column 1 (char 0)
2026-06-19 21:23:19,789 $VZ: possibly delisted; no price data found  (period=5y)
2026-06-19 21:23:19,841 Failed to get ticker 'PTC' reason: Expecting value: line 1 column 1 (char 0)
2026-06-19 21:23:19,843 Failed to get ticker 'APA' reason: Expecting value: line 1 column 1 (char 0)
2026-06-19 21:23:19,848 $AXP: possibly delisted; no price data found  (period=5y)
2026-06-19 21:23:19,918 $PTC: possibly delisted; no price data found  (period=5y)
2026-06-19 21:23:19,961 Failed to get ticker 'BKR' reason: Expecting value: line 1 column 1 (char 0)
2026-06-19 21:23:19,962 $APA: possibly delisted; no price data found  (period=5y)
2026-06-19 21:23:20,037 Failed to get ticker 'SWK' reason: Expecting value: line 1 column 1 (char 0)
2026-06-19 21:23:20,075 Failed to get ticker 'WAB' reason: Expecting value: line 1 column 1 (char 0)
2026-06-19 21:23:20,098 $BKR: possibly delisted; no price data found  (period=5y)
2026-06-19 21:23:20,151 Failed to get ticker 'APP' reason: Expecting value: line 1 column 1 (char 0)
2026-06-19 21:23:20,209 $WAB: possibly delisted; no price data found  (period=5y)
2026-06-19 21:23:20,246 $SWK: possibly delisted; no price data found  (period=5y)
2026-06-19 21:23:20,293 Failed to get ticker 'DOW' reason: Expecting value: line 1 column 1 (char 0)
2026-06-19 21:23:20,325 $APP: possibly delisted; no price data found  (period=5y)
2026-06-19 21:23:20,400 Failed to get ticker 'IEX' reason: Expecting value: line 1 column 1 (char 0)
2026-06-19 21:23:20,416 $DOW: possibly delisted; no price data found  (period=5y)
2026-06-19 21:23:20,459 Failed to get ticker 'PHM' reason: Expecting value: line 1 column 1 (char 0)
2026-06-19 21:23:20,536 $IEX: possibly delisted; no price data found  (period=5y)
2026-06-19 21:23:20,542 Failed to get ticker 'ALLE' reason: Expecting value: line 1 column 1 (char 0)
2026-06-19 21:23:20,563 $PHM: possibly delisted; no price data found  (period=5y)
2026-06-19 21:23:20,626 Failed to get ticker 'CVS' reason: Expecting value: line 1 column 1 (char 0)
2026-06-19 21:23:20,692 $ALLE: possibly delisted; no price data found  (period=5y)
2026-06-19 21:23:20,737 Failed to get ticker 'PRU' reason: Expecting value: line 1 column 1 (char 0)
2026-06-19 21:23:20,738 $CVS: possibly delisted; no price data found  (period=5y)
2026-06-19 21:23:20,754 Failed to get ticker 'T' reason: Expecting value: line 1 column 1 (char 0)
2026-06-19 21:23:20,810 $PRU: possibly delisted; no price data found  (period=5y)
2026-06-19 21:23:20,876 Failed to get ticker 'CF' reason: Expecting value: line 1 column 1 (char 0)
2026-06-19 21:23:20,880 $T: possibly delisted; no price data found  (period=5y)
2026-06-19 21:23:20,895 Failed to get ticker 'MGM' reason: Expecting value: line 1 column 1 (char 0)
2026-06-19 21:23:20,958 $CF: possibly delisted; no price data found  (period=5y)
2026-06-19 21:23:21,011 Failed to get ticker 'CASY' reason: Expecting value: line 1 column 1 (char 0)
2026-06-19 21:23:21,054 $MGM: possibly delisted; no price data found  (period=5y)
2026-06-19 21:23:21,134 Failed to get ticker 'WSM' reason: Expecting value: line 1 column 1 (char 0)
2026-06-19 21:23:21,167 Failed to get ticker 'CMG' reason: Expecting value: line 1 column 1 (char 0)
2026-06-19 21:23:21,215 Failed to get ticker 'MAA' reason: Expecting value: line 1 column 1 (char 0)
2026-06-19 21:23:21,234 $CASY: possibly delisted; no price data found  (period=5y)
2026-06-19 21:23:21,244 $WSM: possibly delisted; no price data found  (period=5y)
2026-06-19 21:23:21,311 $MAA: possibly delisted; no price data found  (period=5y)
2026-06-19 21:23:21,315 $CMG: possibly delisted; no price data found  (period=5y)
2026-06-19 21:23:21,347 Failed to get ticker 'SNDK' reason: Expecting value: line 1 column 1 (char 0)
2026-06-19 21:23:21,357 Failed to get ticker 'IT' reason: Expecting value: line 1 column 1 (char 0)
2026-06-19 21:23:21,457 Failed to get ticker 'CTVA' reason: Expecting value: line 1 column 1 (char 0)
2026-06-19 21:23:21,486 $SNDK: possibly delisted; no price data found  (period=5y)
2026-06-19 21:23:21,496 $IT: possibly delisted; no price data found  (period=5y)
2026-06-19 21:23:21,526 Failed to get ticker 'SCHW' reason: Expecting value: line 1 column 1 (char 0)
2026-06-19 21:23:21,657 Failed to get ticker 'FICO' reason: Expecting value: line 1 column 1 (char 0)
2026-06-19 21:23:21,708 Failed to get ticker 'NUE' reason: Expecting value: line 1 column 1 (char 0)
2026-06-19 21:23:21,709 $SCHW: possibly delisted; no price data found  (period=5y)
2026-06-19 21:23:21,721 $CTVA: possibly delisted; no price data found  (period=5y)
2026-06-19 21:23:21,788 $FICO: possibly delisted; no price data found  (period=5y)
2026-06-19 21:23:21,835 Failed to get ticker 'CL' reason: Expecting value: line 1 column 1 (char 0)
2026-06-19 21:23:21,870 Failed to get ticker 'OKE' reason: Expecting value: line 1 column 1 (char 0)
2026-06-19 21:23:21,919 $NUE: possibly delisted; no price data found  (period=5y)
2026-06-19 21:23:21,966 Failed to get ticker 'DD' reason: Expecting value: line 1 column 1 (char 0)
2026-06-19 21:23:21,979 $CL: possibly delisted; no price data found  (period=5y)
2026-06-19 21:23:22,005 $OKE: possibly delisted; no price data found  (period=5y)
2026-06-19 21:23:22,102 Failed to get ticker 'CHRW' reason: Expecting value: line 1 column 1 (char 0)
2026-06-19 21:23:22,129 Failed to get ticker 'ELV' reason: Expecting value: line 1 column 1 (char 0)
2026-06-19 21:23:22,140 Failed to get ticker 'CMS' reason: Expecting value: line 1 column 1 (char 0)
2026-06-19 21:23:22,144 $DD: possibly delisted; no price data found  (period=5y)
2026-06-19 21:23:22,205 $CHRW: possibly delisted; no price data found  (period=5y)
2026-06-19 21:23:22,249 $CMS: possibly delisted; no price data found  (period=5y)
2026-06-19 21:23:22,296 Failed to get ticker 'EXPD' reason: Expecting value: line 1 column 1 (char 0)
2026-06-19 21:23:22,439 $ELV: possibly delisted; no price data found  (period=5y)
2026-06-19 21:23:22,477 Failed to get ticker 'IR' reason: Expecting value: line 1 column 1 (char 0)
2026-06-19 21:23:22,502 Failed to get ticker 'PYPL' reason: Expecting value: line 1 column 1 (char 0)
2026-06-19 21:23:22,548 $EXPD: possibly delisted; no price data found  (period=5y)
2026-06-19 21:23:22,607 Failed to get ticker 'ROK' reason: Expecting value: line 1 column 1 (char 0)
2026-06-19 21:23:22,620 $IR: possibly delisted; no price data found  (period=5y)
2026-06-19 21:23:22,627 $PYPL: possibly delisted; no price data found  (period=5y)
2026-06-19 21:23:22,717 $ROK: possibly delisted; no price data found  (period=5y)
2026-06-19 21:23:22,779 Failed to get ticker 'KEY' reason: Expecting value: line 1 column 1 (char 0)
2026-06-19 21:23:22,840 Failed to get ticker 'CEG' reason: Expecting value: line 1 column 1 (char 0)
2026-06-19 21:23:22,898 Failed to get ticker 'DOC' reason: Expecting value: line 1 column 1 (char 0)
2026-06-19 21:23:23,360 Failed to get ticker 'LITE' reason: Expecting value: line 1 column 1 (char 0)
2026-06-19 21:23:23,391 $CEG: possibly delisted; no price data found  (period=5y)
2026-06-19 21:23:23,421 $KEY: possibly delisted; no price data found  (period=5y)
2026-06-19 21:23:23,448 $DOC: possibly delisted; no price data found  (period=5y)
2026-06-19 21:23:23,453 $LITE: possibly delisted; no price data found  (period=5y)
2026-06-19 21:23:23,584 Failed to get ticker 'CAG' reason: Expecting value: line 1 column 1 (char 0)
2026-06-19 21:23:23,632 Failed to get ticker 'EXE' reason: Expecting value: line 1 column 1 (char 0)
2026-06-19 21:23:23,647 Failed to get ticker 'TGT' reason: Expecting value: line 1 column 1 (char 0)
2026-06-19 21:23:23,657 Failed to get ticker 'IQV' reason: Expecting value: line 1 column 1 (char 0)
2026-06-19 21:23:23,706 $CAG: possibly delisted; no price data found  (period=5y)
2026-06-19 21:23:23,726 $EXE: possibly delisted; no price data found  (period=5y)
2026-06-19 21:23:23,735 $TGT: possibly delisted; no price data found  (period=5y)
2026-06-19 21:23:23,777 $IQV: possibly delisted; no price data found  (period=5y)
2026-06-19 21:23:23,889 Failed to get ticker 'WST' reason: Expecting value: line 1 column 1 (char 0)
2026-06-19 21:23:23,938 Failed to get ticker 'NCLH' reason: Expecting value: line 1 column 1 (char 0)
2026-06-19 21:23:23,981 Failed to get ticker 'TTWO' reason: Expecting value: line 1 column 1 (char 0)
2026-06-19 21:23:24,013 Failed to get ticker 'AEE' reason: Expecting value: line 1 column 1 (char 0)
2026-06-19 21:23:24,015 $WST: possibly delisted; no price data found  (period=5y)
2026-06-19 21:23:24,043 $NCLH: possibly delisted; no price data found  (period=5y)
2026-06-19 21:23:24,076 $TTWO: possibly delisted; no price data found  (period=5y)
2026-06-19 21:23:24,132 $AEE: possibly delisted; no price data found  (period=5y)
2026-06-19 21:23:24,181 Failed to get ticker 'XOM' reason: Expecting value: line 1 column 1 (char 0)
2026-06-19 21:23:24,220 Failed to get ticker 'POOL' reason: Expecting value: line 1 column 1 (char 0)
2026-06-19 21:23:24,330 Failed to get ticker 'TSN' reason: Expecting value: line 1 column 1 (char 0)
2026-06-19 21:23:24,350 $XOM: possibly delisted; no price data found  (period=5y)
2026-06-19 21:23:24,361 $POOL: possibly delisted; no price data found  (period=5y)
2026-06-19 21:23:24,378 Failed to get ticker 'PEG' reason: Expecting value: line 1 column 1 (char 0)
2026-06-19 21:23:24,432 $TSN: possibly delisted; no price data found  (period=5y)
2026-06-19 21:23:24,470 $PEG: possibly delisted; no price data found  (period=5y)
2026-06-19 21:23:24,511 Failed to get ticker 'HAL' reason: Expecting value: line 1 column 1 (char 0)
2026-06-19 21:23:24,534 Failed to get ticker 'CVX' reason: Expecting value: line 1 column 1 (char 0)
2026-06-19 21:23:24,600 Failed to get ticker 'MRK' reason: Expecting value: line 1 column 1 (char 0)
2026-06-19 21:23:24,607 $HAL: possibly delisted; no price data found  (period=5y)
2026-06-19 21:23:24,610 Failed to get ticker 'O' reason: Expecting value: line 1 column 1 (char 0)
2026-06-19 21:23:24,651 $CVX: possibly delisted; no price data found  (period=5y)
2026-06-19 21:23:24,741 $MRK: possibly delisted; no price data found  (period=5y)
2026-06-19 21:23:24,747 $O: possibly delisted; no price data found  (period=5y)
2026-06-19 21:23:24,764 Failed to get ticker 'CINF' reason: Expecting value: line 1 column 1 (char 0)
2026-06-19 21:23:24,816 Failed to get ticker 'TT' reason: Expecting value: line 1 column 1 (char 0)
2026-06-19 21:23:24,891 Failed to get ticker 'NOW' reason: Expecting value: line 1 column 1 (char 0)
2026-06-19 21:23:24,914 Failed to get ticker 'HPQ' reason: Expecting value: line 1 column 1 (char 0)
2026-06-19 21:23:24,918 $CINF: possibly delisted; no price data found  (period=5y)
2026-06-19 21:23:24,972 $TT: possibly delisted; no price data found  (period=5y)
2026-06-19 21:23:24,977 $NOW: possibly delisted; no price data found  (period=5y)
2026-06-19 21:23:25,015 $HPQ: possibly delisted; no price data found  (period=5y)
2026-06-19 21:23:25,095 Failed to get ticker 'ORLY' reason: Expecting value: line 1 column 1 (char 0)
2026-06-19 21:23:25,134 Failed to get ticker 'CSCO' reason: Expecting value: line 1 column 1 (char 0)
2026-06-19 21:23:25,144 Failed to get ticker 'CCL' reason: Expecting value: line 1 column 1 (char 0)
2026-06-19 21:23:25,229 Failed to get ticker 'KMB' reason: Expecting value: line 1 column 1 (char 0)
2026-06-19 21:23:25,250 $CSCO: possibly delisted; no price data found  (period=5y)
2026-06-19 21:23:25,257 $CCL: possibly delisted; no price data found  (period=5y)
2026-06-19 21:23:25,268 $ORLY: possibly delisted; no price data found  (period=5y)
2026-06-19 21:23:25,343 $KMB: possibly delisted; no price data found  (period=5y)
2026-06-19 21:23:25,385 Failed to get ticker 'FTNT' reason: Expecting value: line 1 column 1 (char 0)
2026-06-19 21:23:25,424 Failed to get ticker 'CSX' reason: Expecting value: line 1 column 1 (char 0)
2026-06-19 21:23:25,482 Failed to get ticker 'DGX' reason: Expecting value: line 1 column 1 (char 0)
2026-06-19 21:23:25,557 Failed to get ticker 'MPC' reason: Expecting value: line 1 column 1 (char 0)
2026-06-19 21:23:25,583 $FTNT: possibly delisted; no price data found  (period=5y)
2026-06-19 21:23:25,586 $CSX: possibly delisted; no price data found  (period=5y)
2026-06-19 21:23:25,616 $DGX: possibly delisted; no price data found  (period=5y)
2026-06-19 21:23:25,656 $MPC: possibly delisted; no price data found  (period=5y)
2026-06-19 21:23:25,729 Failed to get ticker 'CI' reason: Expecting value: line 1 column 1 (char 0)
2026-06-19 21:23:25,769 Failed to get ticker 'ODFL' reason: Expecting value: line 1 column 1 (char 0)
2026-06-19 21:23:25,829 Failed to get ticker 'MLM' reason: Expecting value: line 1 column 1 (char 0)
2026-06-19 21:23:25,861 Failed to get ticker 'ALL' reason: Expecting value: line 1 column 1 (char 0)
2026-06-19 21:23:25,872 $CI: possibly delisted; no price data found  (period=5y)
2026-06-19 21:23:25,924 $ODFL: possibly delisted; no price data found  (period=5y)
2026-06-19 21:23:25,959 $MLM: possibly delisted; no price data found  (period=5y)
2026-06-19 21:23:26,008 Failed to get ticker 'CBRE' reason: Expecting value: line 1 column 1 (char 0)
2026-06-19 21:23:26,014 $ALL: possibly delisted; no price data found  (period=5y)
2026-06-19 21:23:26,075 Failed to get ticker 'LVS' reason: Expecting value: line 1 column 1 (char 0)
2026-06-19 21:23:26,158 Failed to get ticker 'HST' reason: Expecting value: line 1 column 1 (char 0)
2026-06-19 21:23:26,168 $CBRE: possibly delisted; no price data found  (period=5y)
2026-06-19 21:23:26,186 Failed to get ticker 'BRK.B' reason: Expecting value: line 1 column 1 (char 0)
2026-06-19 21:23:26,207 $LVS: possibly delisted; no price data found  (period=5y)
2026-06-19 21:23:26,243 $HST: possibly delisted; no price data found  (period=5y)
2026-06-19 21:23:26,297 $BRK.B: possibly delisted; no price data found  (period=5y)
2026-06-19 21:23:26,358 Failed to get ticker 'CAT' reason: Expecting value: line 1 column 1 (char 0)
2026-06-19 21:23:26,379 Failed to get ticker 'ZBRA' reason: Expecting value: line 1 column 1 (char 0)
2026-06-19 21:23:26,427 Failed to get ticker 'TAP' reason: Expecting value: line 1 column 1 (char 0)
2026-06-19 21:23:26,446 Failed to get ticker 'CRH' reason: Expecting value: line 1 column 1 (char 0)
2026-06-19 21:23:26,476 $CAT: possibly delisted; no price data found  (period=5y)
2026-06-19 21:23:26,522 $ZBRA: possibly delisted; no price data found  (period=5y)
2026-06-19 21:23:26,550 $TAP: possibly delisted; no price data found  (period=5y)
2026-06-19 21:23:26,646 $CRH: possibly delisted; no price data found  (period=5y)
2026-06-19 21:23:26,692 Failed to get ticker 'FTV' reason: Expecting value: line 1 column 1 (char 0)
2026-06-19 21:23:26,742 Failed to get ticker 'PODD' reason: Expecting value: line 1 column 1 (char 0)
2026-06-19 21:23:26,768 Failed to get ticker 'PEP' reason: Expecting value: line 1 column 1 (char 0)
2026-06-19 21:23:26,826 Failed to get ticker 'PKG' reason: Expecting value: line 1 column 1 (char 0)
2026-06-19 21:23:26,844 $FTV: possibly delisted; no price data found  (period=5y)
2026-06-19 21:23:26,851 $PODD: possibly delisted; no price data found  (period=5y)
2026-06-19 21:23:26,913 $PKG: possibly delisted; no price data found  (period=5y)
2026-06-19 21:23:26,928 $PEP: possibly delisted; no price data found  (period=5y)
2026-06-19 21:23:26,932 Failed to get ticker 'J' reason: Expecting value: line 1 column 1 (char 0)
2026-06-19 21:23:26,992 Failed to get ticker 'STLD' reason: Expecting value: line 1 column 1 (char 0)
2026-06-19 21:23:27,058 Failed to get ticker 'CHD' reason: Expecting value: line 1 column 1 (char 0)
2026-06-19 21:23:27,061 $J: possibly delisted; no price data found  (period=5y)
2026-06-19 21:23:27,074 Failed to get ticker 'JKHY' reason: Expecting value: line 1 column 1 (char 0)
2026-06-19 21:23:27,087 $STLD: possibly delisted; no price data found  (period=5y)
2026-06-19 21:23:27,153 $CHD: possibly delisted; no price data found  (period=5y)
2026-06-19 21:23:27,198 Failed to get ticker 'RVTY' reason: Expecting value: line 1 column 1 (char 0)
2026-06-19 21:23:27,245 Failed to get ticker 'WAT' reason: Expecting value: line 1 column 1 (char 0)
2026-06-19 21:23:27,247 $JKHY: possibly delisted; no price data found  (period=5y)
2026-06-19 21:23:27,296 Failed to get ticker 'CAH' reason: Expecting value: line 1 column 1 (char 0)
2026-06-19 21:23:27,321 $RVTY: possibly delisted; no price data found  (period=5y)
2026-06-19 21:23:27,363 $WAT: possibly delisted; no price data found  (period=5y)
2026-06-19 21:23:27,380 Failed to get ticker 'V' reason: Expecting value: line 1 column 1 (char 0)
2026-06-19 21:23:27,393 $CAH: possibly delisted; no price data found  (period=5y)
2026-06-19 21:23:27,452 $V: possibly delisted; no price data found  (period=5y)
2026-06-19 21:23:27,469 Failed to get ticker 'DLR' reason: Expecting value: line 1 column 1 (char 0)
2026-06-19 21:23:27,501 Failed to get ticker 'PNR' reason: Expecting value: line 1 column 1 (char 0)
2026-06-19 21:23:27,503 Failed to get ticker 'PLTR' reason: Expecting value: line 1 column 1 (char 0)
2026-06-19 21:23:27,568 $DLR: possibly delisted; no price data found  (period=5y)
2026-06-19 21:23:27,603 $PNR: possibly delisted; no price data found  (period=5y)
2026-06-19 21:23:27,609 $PLTR: possibly delisted; no price data found  (period=5y)
2026-06-19 21:23:27,671 Failed to get ticker 'SW' reason: Expecting value: line 1 column 1 (char 0)
2026-06-19 21:23:27,721 Failed to get ticker 'UPS' reason: Expecting value: line 1 column 1 (char 0)
2026-06-19 21:23:27,774 Failed to get ticker 'SYK' reason: Expecting value: line 1 column 1 (char 0)
2026-06-19 21:23:27,815 Failed to get ticker 'CFG' reason: Expecting value: line 1 column 1 (char 0)
2026-06-19 21:23:27,859 $UPS: possibly delisted; no price data found  (period=5y)
2026-06-19 21:23:27,884 $SYK: possibly delisted; no price data found  (period=5y)
2026-06-19 21:23:27,891 $CFG: possibly delisted; no price data found  (period=5y)
2026-06-19 21:23:27,930 $SW: possibly delisted; no price data found  (period=5y)
2026-06-19 21:23:28,040 Failed to get ticker 'ERIE' reason: Expecting value: line 1 column 1 (char 0)
2026-06-19 21:23:28,047 Failed to get ticker 'NSC' reason: Expecting value: line 1 column 1 (char 0)
2026-06-19 21:23:28,082 Failed to get ticker 'SLB' reason: Expecting value: line 1 column 1 (char 0)
2026-06-19 21:23:28,120 Failed to get ticker 'HWM' reason: Expecting value: line 1 column 1 (char 0)
2026-06-19 21:23:28,184 $NSC: possibly delisted; no price data found  (period=5y)
2026-06-19 21:23:28,215 $ERIE: possibly delisted; no price data found  (period=5y)
2026-06-19 21:23:28,223 $HWM: possibly delisted; no price data found  (period=5y)
2026-06-19 21:23:28,227 $SLB: possibly delisted; no price data found  (period=5y)
2026-06-19 21:23:28,320 Failed to get ticker 'PANW' reason: Expecting value: line 1 column 1 (char 0)
2026-06-19 21:23:28,328 Failed to get ticker 'MMM' reason: Expecting value: line 1 column 1 (char 0)
2026-06-19 21:23:28,368 Failed to get ticker 'ANET' reason: Expecting value: line 1 column 1 (char 0)
2026-06-19 21:23:28,404 Failed to get ticker 'DG' reason: Expecting value: line 1 column 1 (char 0)
2026-06-19 21:23:28,479 $MMM: possibly delisted; no price data found  (period=5y)
2026-06-19 21:23:28,513 $PANW: possibly delisted; no price data found  (period=5y)
2026-06-19 21:23:28,520 $DG: possibly delisted; no price data found  (period=5y)
2026-06-19 21:23:28,528 $ANET: possibly delisted; no price data found  (period=5y)
2026-06-19 21:23:28,640 Failed to get ticker 'GILD' reason: Expecting value: line 1 column 1 (char 0)
2026-06-19 21:23:28,677 Failed to get ticker 'VLO' reason: Expecting value: line 1 column 1 (char 0)
2026-06-19 21:23:28,721 Failed to get ticker 'BIIB' reason: Expecting value: line 1 column 1 (char 0)
2026-06-19 21:23:28,758 Failed to get ticker 'MKC' reason: Expecting value: line 1 column 1 (char 0)
2026-06-19 21:23:28,759 $GILD: possibly delisted; no price data found  (period=5y)
2026-06-19 21:23:28,788 $VLO: possibly delisted; no price data found  (period=5y)
2026-06-19 21:23:28,830 $BIIB: possibly delisted; no price data found  (period=5y)
2026-06-19 21:23:28,866 $MKC: possibly delisted; no price data found  (period=5y)
2026-06-19 21:23:28,941 Failed to get ticker 'AEP' reason: Expecting value: line 1 column 1 (char 0)
2026-06-19 21:23:29,022 Failed to get ticker 'FIS' reason: Expecting value: line 1 column 1 (char 0)
2026-06-19 21:23:29,064 Failed to get ticker 'WMT' reason: Expecting value: line 1 column 1 (char 0)
2026-06-19 21:23:29,083 $AEP: possibly delisted; no price data found  (period=5y)
2026-06-19 21:23:29,104 Failed to get ticker 'NKE' reason: Expecting value: line 1 column 1 (char 0)
2026-06-19 21:23:29,140 $FIS: possibly delisted; no price data found  (period=5y)
2026-06-19 21:23:29,164 $WMT: possibly delisted; no price data found  (period=5y)
2026-06-19 21:23:29,212 Failed to get ticker 'HPE' reason: Expecting value: line 1 column 1 (char 0)
2026-06-19 21:23:29,213 $NKE: possibly delisted; no price data found  (period=5y)
2026-06-19 21:23:29,308 Failed to get ticker 'BA' reason: Expecting value: line 1 column 1 (char 0)
2026-06-19 21:23:29,351 Failed to get ticker 'JPM' reason: Expecting value: line 1 column 1 (char 0)
2026-06-19 21:23:29,362 Failed to get ticker 'AOS' reason: Expecting value: line 1 column 1 (char 0)
2026-06-19 21:23:29,376 $HPE: possibly delisted; no price data found  (period=5y)
2026-06-19 21:23:29,444 $BA: possibly delisted; no price data found  (period=5y)
2026-06-19 21:23:29,477 $AOS: possibly delisted; no price data found  (period=5y)
2026-06-19 21:23:29,518 Failed to get ticker 'ROL' reason: Expecting value: line 1 column 1 (char 0)
2026-06-19 21:23:29,556 $JPM: possibly delisted; no price data found  (period=5y)
2026-06-19 21:23:29,631 Failed to get ticker 'UNP' reason: Expecting value: line 1 column 1 (char 0)
2026-06-19 21:23:29,649 $ROL: possibly delisted; no price data found  (period=5y)
2026-06-19 21:23:29,666 Failed to get ticker 'CPAY' reason: Expecting value: line 1 column 1 (char 0)
2026-06-19 21:23:29,729 $UNP: possibly delisted; no price data found  (period=5y)
2026-06-19 21:23:29,775 Failed to get ticker 'AJG' reason: Expecting value: line 1 column 1 (char 0)
2026-06-19 21:23:29,810 $CPAY: possibly delisted; no price data found  (period=5y)
2026-06-19 21:23:29,875 Failed to get ticker 'CMI' reason: Expecting value: line 1 column 1 (char 0)
2026-06-19 21:23:29,938 Failed to get ticker 'COIN' reason: Expecting value: line 1 column 1 (char 0)
2026-06-19 21:23:29,946 $AJG: possibly delisted; no price data found  (period=5y)
2026-06-19 21:23:29,966 Failed to get ticker 'EXC' reason: Expecting value: line 1 column 1 (char 0)
2026-06-19 21:23:29,990 $CMI: possibly delisted; no price data found  (period=5y)
2026-06-19 21:23:30,073 $COIN: possibly delisted; no price data found  (period=5y)
2026-06-19 21:23:30,087 $EXC: possibly delisted; no price data found  (period=5y)
2026-06-19 21:23:30,095 Failed to get ticker 'JBL' reason: Expecting value: line 1 column 1 (char 0)
2026-06-19 21:23:30,142 Failed to get ticker 'MRNA' reason: Expecting value: line 1 column 1 (char 0)
2026-06-19 21:23:30,205 Failed to get ticker 'LEN' reason: Expecting value: line 1 column 1 (char 0)
2026-06-19 21:23:30,262 $JBL: possibly delisted; no price data found  (period=5y)
2026-06-19 21:23:30,287 Failed to get ticker 'MAS' reason: Expecting value: line 1 column 1 (char 0)
2026-06-19 21:23:30,288 $MRNA: possibly delisted; no price data found  (period=5y)
2026-06-19 21:23:30,326 $LEN: possibly delisted; no price data found  (period=5y)
2026-06-19 21:23:30,397 Failed to get ticker 'AIZ' reason: Expecting value: line 1 column 1 (char 0)
2026-06-19 21:23:30,416 $MAS: possibly delisted; no price data found  (period=5y)
2026-06-19 21:23:30,433 Failed to get ticker 'PPL' reason: Expecting value: line 1 column 1 (char 0)
2026-06-19 21:23:30,477 Failed to get ticker 'BRO' reason: Expecting value: line 1 column 1 (char 0)
2026-06-19 21:23:30,506 $AIZ: possibly delisted; no price data found  (period=5y)
2026-06-19 21:23:30,555 $PPL: possibly delisted; no price data found  (period=5y)
2026-06-19 21:23:30,602 Failed to get ticker 'WDAY' reason: Expecting value: line 1 column 1 (char 0)
2026-06-19 21:23:30,604 $BRO: possibly delisted; no price data found  (period=5y)
2026-06-19 21:23:30,708 Failed to get ticker 'OTIS' reason: Expecting value: line 1 column 1 (char 0)
2026-06-19 21:23:30,744 Failed to get ticker 'VRT' reason: Expecting value: line 1 column 1 (char 0)
2026-06-19 21:23:30,786 Failed to get ticker 'ETR' reason: Expecting value: line 1 column 1 (char 0)
2026-06-19 21:23:30,816 $WDAY: possibly delisted; no price data found  (period=5y)
2026-06-19 21:23:30,833 $OTIS: possibly delisted; no price data found  (period=5y)
2026-06-19 21:23:30,856 $VRT: possibly delisted; no price data found  (period=5y)
2026-06-19 21:23:30,879 $ETR: possibly delisted; no price data found  (period=5y)
2026-06-19 21:23:30,966 Failed to get ticker 'STT' reason: Expecting value: line 1 column 1 (char 0)
2026-06-19 21:23:31,015 Failed to get ticker 'WEC' reason: Expecting value: line 1 column 1 (char 0)
2026-06-19 21:23:31,024 Failed to get ticker 'BG' reason: Expecting value: line 1 column 1 (char 0)
2026-06-19 21:23:31,082 $WEC: possibly delisted; no price data found  (period=5y)
2026-06-19 21:23:31,095 Failed to get ticker 'TSCO' reason: Expecting value: line 1 column 1 (char 0)
2026-06-19 21:23:31,105 $STT: possibly delisted; no price data found  (period=5y)
2026-06-19 21:23:31,110 $BG: possibly delisted; no price data found  (period=5y)
2026-06-19 21:23:31,206 $TSCO: possibly delisted; no price data found  (period=5y)
2026-06-19 21:23:31,243 Failed to get ticker 'RF' reason: Expecting value: line 1 column 1 (char 0)
2026-06-19 21:23:31,254 Failed to get ticker 'TDG' reason: Expecting value: line 1 column 1 (char 0)
2026-06-19 21:23:31,261 Failed to get ticker 'ISRG' reason: Expecting value: line 1 column 1 (char 0)
2026-06-19 21:23:31,336 Failed to get ticker 'APH' reason: Expecting value: line 1 column 1 (char 0)
2026-06-19 21:23:31,361 $RF: possibly delisted; no price data found  (period=5y)
2026-06-19 21:23:31,370 $ISRG: possibly delisted; no price data found  (period=5y)
2026-06-19 21:23:31,378 $TDG: possibly delisted; no price data found  (period=5y)
2026-06-19 21:23:31,460 $APH: possibly delisted; no price data found  (period=5y)
2026-06-19 21:23:31,461 Failed to get ticker 'UHS' reason: Expecting value: line 1 column 1 (char 0)
2026-06-19 21:23:31,499 Failed to get ticker 'IFF' reason: Expecting value: line 1 column 1 (char 0)
2026-06-19 21:23:31,509 Failed to get ticker 'LLY' reason: Expecting value: line 1 column 1 (char 0)
2026-06-19 21:23:31,558 $UHS: possibly delisted; no price data found  (period=5y)
2026-06-19 21:23:31,574 $IFF: possibly delisted; no price data found  (period=5y)
2026-06-19 21:23:31,586 Failed to get ticker 'VEEV' reason: Expecting value: line 1 column 1 (char 0)
2026-06-19 21:23:31,639 $LLY: possibly delisted; no price data found  (period=5y)
2026-06-19 21:23:31,712 Failed to get ticker 'KO' reason: Expecting value: line 1 column 1 (char 0)
2026-06-19 21:23:31,744 $VEEV: possibly delisted; no price data found  (period=5y)
2026-06-19 21:23:31,800 Failed to get ticker 'ADP' reason: Expecting value: line 1 column 1 (char 0)
2026-06-19 21:23:31,889 Failed to get ticker 'ATO' reason: Expecting value: line 1 column 1 (char 0)
2026-06-19 21:23:31,936 Failed to get ticker 'CPT' reason: Expecting value: line 1 column 1 (char 0)
2026-06-19 21:23:31,938 $ADP: possibly delisted; no price data found  (period=5y)
2026-06-19 21:23:31,951 $KO: possibly delisted; no price data found  (period=5y)
2026-06-19 21:23:32,040 $CPT: possibly delisted; no price data found  (period=5y)
2026-06-19 21:23:32,044 Failed to get ticker 'NTAP' reason: Expecting value: line 1 column 1 (char 0)
2026-06-19 21:23:32,053 $ATO: possibly delisted; no price data found  (period=5y)
2026-06-19 21:23:32,069 Failed to get ticker 'ORCL' reason: Expecting value: line 1 column 1 (char 0)
2026-06-19 21:23:32,130 $NTAP: possibly delisted; no price data found  (period=5y)
2026-06-19 21:23:32,175 Failed to get ticker 'GOOGL' reason: Expecting value: line 1 column 1 (char 0)
2026-06-19 21:23:32,176 $ORCL: possibly delisted; no price data found  (period=5y)
2026-06-19 21:23:32,192 Failed to get ticker 'HUM' reason: Expecting value: line 1 column 1 (char 0)
2026-06-19 21:23:32,246 $GOOGL: possibly delisted; no price data found  (period=5y)
2026-06-19 21:23:32,293 Failed to get ticker 'DHR' reason: Expecting value: line 1 column 1 (char 0)
2026-06-19 21:23:32,327 Failed to get ticker 'TXT' reason: Expecting value: line 1 column 1 (char 0)
2026-06-19 21:23:32,347 $HUM: possibly delisted; no price data found  (period=5y)
2026-06-19 21:23:32,416 Failed to get ticker 'VLTO' reason: Expecting value: line 1 column 1 (char 0)
2026-06-19 21:23:32,433 $DHR: possibly delisted; no price data found  (period=5y)
2026-06-19 21:23:32,440 $TXT: possibly delisted; no price data found  (period=5y)
2026-06-19 21:23:32,515 $VLTO: possibly delisted; no price data found  (period=5y)
2026-06-19 21:23:32,564 Failed to get ticker 'DAL' reason: Expecting value: line 1 column 1 (char 0)
2026-06-19 21:23:32,609 Failed to get ticker 'EOG' reason: Expecting value: line 1 column 1 (char 0)
2026-06-19 21:23:32,667 Failed to get ticker 'ABT' reason: Expecting value: line 1 column 1 (char 0)
2026-06-19 21:23:32,693 Failed to get ticker 'NVR' reason: Expecting value: line 1 column 1 (char 0)
2026-06-19 21:23:32,715 $DAL: possibly delisted; no price data found  (period=5y)
2026-06-19 21:23:32,739 $EOG: possibly delisted; no price data found  (period=5y)
2026-06-19 21:23:32,751 $ABT: possibly delisted; no price data found  (period=5y)
2026-06-19 21:23:32,845 $NVR: possibly delisted; no price data found  (period=5y)
2026-06-19 21:23:32,893 Failed to get ticker 'NDSN' reason: Expecting value: line 1 column 1 (char 0)
2026-06-19 21:23:32,931 Failed to get ticker 'AMAT' reason: Expecting value: line 1 column 1 (char 0)
2026-06-19 21:23:32,987 Failed to get ticker 'PFE' reason: Expecting value: line 1 column 1 (char 0)
2026-06-19 21:23:33,034 Failed to get ticker 'FSLR' reason: Expecting value: line 1 column 1 (char 0)
2026-06-19 21:23:33,038 $AMAT: possibly delisted; no price data found  (period=5y)
2026-06-19 21:23:33,041 $NDSN: possibly delisted; no price data found  (period=5y)
2026-06-19 21:23:33,090 $PFE: possibly delisted; no price data found  (period=5y)
2026-06-19 21:23:33,184 $FSLR: possibly delisted; no price data found  (period=5y)
2026-06-19 21:23:33,201 Failed to get ticker 'LIN' reason: Expecting value: line 1 column 1 (char 0)
2026-06-19 21:23:33,242 Failed to get ticker 'PM' reason: Expecting value: line 1 column 1 (char 0)
2026-06-19 21:23:33,252 Failed to get ticker 'ARE' reason: Expecting value: line 1 column 1 (char 0)
2026-06-19 21:23:33,326 Failed to get ticker 'TRGP' reason: Expecting value: line 1 column 1 (char 0)
2026-06-19 21:23:33,360 $LIN: possibly delisted; no price data found  (period=5y)
2026-06-19 21:23:33,370 $ARE: possibly delisted; no price data found  (period=5y)
2026-06-19 21:23:33,381 $PM: possibly delisted; no price data found  (period=5y)
2026-06-19 21:23:33,455 $TRGP: possibly delisted; no price data found  (period=5y)
2026-06-19 21:23:33,498 Failed to get ticker 'FAST' reason: Expecting value: line 1 column 1 (char 0)
2026-06-19 21:23:33,544 Failed to get ticker 'MSCI' reason: Expecting value: line 1 column 1 (char 0)
2026-06-19 21:23:33,574 Failed to get ticker 'AAPL' reason: Expecting value: line 1 column 1 (char 0)
2026-06-19 21:23:33,645 Failed to get ticker 'AES' reason: Expecting value: line 1 column 1 (char 0)
2026-06-19 21:23:33,648 $FAST: possibly delisted; no price data found  (period=5y)
2026-06-19 21:23:33,652 $MSCI: possibly delisted; no price data found  (period=5y)
2026-06-19 21:23:33,706 $AAPL: possibly delisted; no price data found  (period=5y)
2026-06-19 21:23:33,796 $AES: possibly delisted; no price data found  (period=5y)
2026-06-19 21:23:33,812 Failed to get ticker 'FANG' reason: Expecting value: line 1 column 1 (char 0)
2026-06-19 21:23:33,820 Failed to get ticker 'PNC' reason: Expecting value: line 1 column 1 (char 0)
2026-06-19 21:23:33,871 Failed to get ticker 'OMC' reason: Expecting value: line 1 column 1 (char 0)
2026-06-19 21:23:33,925 Failed to get ticker 'WBD' reason: Expecting value: line 1 column 1 (char 0)
2026-06-19 21:23:33,959 $PNC: possibly delisted; no price data found  (period=5y)
2026-06-19 21:23:33,969 $OMC: possibly delisted; no price data found  (period=5y)
2026-06-19 21:23:33,996 $FANG: possibly delisted; no price data found  (period=5y)
2026-06-19 21:23:34,111 $WBD: possibly delisted; no price data found  (period=5y)
2026-06-19 21:23:34,159 Failed to get ticker 'SBUX' reason: Expecting value: line 1 column 1 (char 0)
2026-06-19 21:23:34,213 Failed to get ticker 'AFL' reason: Expecting value: line 1 column 1 (char 0)
2026-06-19 21:23:34,241 Failed to get ticker 'WYNN' reason: Expecting value: line 1 column 1 (char 0)
2026-06-19 21:23:34,298 Failed to get ticker 'BALL' reason: Expecting value: line 1 column 1 (char 0)
2026-06-19 21:23:34,309 $SBUX: possibly delisted; no price data found  (period=5y)
2026-06-19 21:23:34,326 $AFL: possibly delisted; no price data found  (period=5y)
2026-06-19 21:23:34,392 $WYNN: possibly delisted; no price data found  (period=5y)
2026-06-19 21:23:34,410 $BALL: possibly delisted; no price data found  (period=5y)
2026-06-19 21:23:34,472 Failed to get ticker 'TMO' reason: Expecting value: line 1 column 1 (char 0)
2026-06-19 21:23:34,495 Failed to get ticker 'CME' reason: Expecting value: line 1 column 1 (char 0)
2026-06-19 21:23:34,531 Failed to get ticker 'RMD' reason: Expecting value: line 1 column 1 (char 0)
2026-06-19 21:23:34,549 Failed to get ticker 'HUBB' reason: Expecting value: line 1 column 1 (char 0)
2026-06-19 21:23:34,619 $TMO: possibly delisted; no price data found  (period=5y)
2026-06-19 21:23:34,631 $RMD: possibly delisted; no price data found  (period=5y)
2026-06-19 21:23:34,637 $CME: possibly delisted; no price data found  (period=5y)
2026-06-19 21:23:34,659 $HUBB: possibly delisted; no price data found  (period=5y)
2026-06-19 21:23:34,769 Failed to get ticker 'CRM' reason: Expecting value: line 1 column 1 (char 0)
2026-06-19 21:23:34,806 Failed to get ticker 'SBAC' reason: Expecting value: line 1 column 1 (char 0)
2026-06-19 21:23:34,816 Failed to get ticker 'DUK' reason: Expecting value: line 1 column 1 (char 0)
2026-06-19 21:23:34,853 Failed to get ticker 'ALB' reason: Expecting value: line 1 column 1 (char 0)
2026-06-19 21:23:34,896 $SBAC: possibly delisted; no price data found  (period=5y)
2026-06-19 21:23:34,899 $CRM: possibly delisted; no price data found  (period=5y)
2026-06-19 21:23:35,001 $DUK: possibly delisted; no price data found  (period=5y)
2026-06-19 21:23:35,030 $ALB: possibly delisted; no price data found  (period=5y)
2026-06-19 21:23:35,149 Failed to get ticker 'QCOM' reason: Expecting value: line 1 column 1 (char 0)
2026-06-19 21:23:35,172 Failed to get ticker 'HCA' reason: Expecting value: line 1 column 1 (char 0)
2026-06-19 21:23:35,179 Failed to get ticker 'AXON' reason: Expecting value: line 1 column 1 (char 0)
2026-06-19 21:23:35,223 Failed to get ticker 'BDX' reason: Expecting value: line 1 column 1 (char 0)
2026-06-19 21:23:35,261 $QCOM: possibly delisted; no price data found  (period=5y)
2026-06-19 21:23:35,276 $HCA: possibly delisted; no price data found  (period=5y)
2026-06-19 21:23:35,375 $AXON: possibly delisted; no price data found  (period=5y)
2026-06-19 21:23:35,397 $BDX: possibly delisted; no price data found  (period=5y)
2026-06-19 21:23:35,458 Failed to get ticker 'STZ' reason: Expecting value: line 1 column 1 (char 0)
2026-06-19 21:23:35,485 Failed to get ticker 'BLK' reason: Expecting value: line 1 column 1 (char 0)
2026-06-19 21:23:35,510 Failed to get ticker 'ES' reason: Expecting value: line 1 column 1 (char 0)
2026-06-19 21:23:35,562 Failed to get ticker 'DOV' reason: Expecting value: line 1 column 1 (char 0)
2026-06-19 21:23:35,570 $STZ: possibly delisted; no price data found  (period=5y)
2026-06-19 21:23:35,624 $BLK: possibly delisted; no price data found  (period=5y)
2026-06-19 21:23:35,648 $ES: possibly delisted; no price data found  (period=5y)
2026-06-19 21:23:35,657 $DOV: possibly delisted; no price data found  (period=5y)
2026-06-19 21:23:35,799 Failed to get ticker 'LMT' reason: Expecting value: line 1 column 1 (char 0)
2026-06-19 21:23:35,841 Failed to get ticker 'STE' reason: Expecting value: line 1 column 1 (char 0)
2026-06-19 21:23:35,850 Failed to get ticker 'JNJ' reason: Expecting value: line 1 column 1 (char 0)
2026-06-19 21:23:35,857 Failed to get ticker 'AKAM' reason: Expecting value: line 1 column 1 (char 0)
2026-06-19 21:23:35,907 $LMT: possibly delisted; no price data found  (period=5y)
2026-06-19 21:23:35,919 $STE: possibly delisted; no price data found  (period=5y)
2026-06-19 21:23:35,923 $JNJ: possibly delisted; no price data found  (period=5y)
2026-06-19 21:23:35,962 $AKAM: possibly delisted; no price data found  (period=5y)
2026-06-19 21:23:36,077 Failed to get ticker 'Q' reason: Expecting value: line 1 column 1 (char 0)
2026-06-19 21:23:36,110 Failed to get ticker 'CRL' reason: Expecting value: line 1 column 1 (char 0)
2026-06-19 21:23:36,110 Failed to get ticker 'XYZ' reason: Expecting value: line 1 column 1 (char 0)
2026-06-19 21:23:36,148 Failed to get ticker 'PSX' reason: Expecting value: line 1 column 1 (char 0)
2026-06-19 21:23:36,196 $Q: possibly delisted; no price data found  (period=5y)
2026-06-19 21:23:36,229 $CRL: possibly delisted; no price data found  (period=5y)
2026-06-19 21:23:36,247 $PSX: possibly delisted; no price data found  (period=5y)
2026-06-19 21:23:36,270 $XYZ: possibly delisted; no price data found  (period=5y)
2026-06-19 21:23:36,368 Failed to get ticker 'ULTA' reason: Expecting value: line 1 column 1 (char 0)
2026-06-19 21:23:36,417 Failed to get ticker 'AVY' reason: Expecting value: line 1 column 1 (char 0)
2026-06-19 21:23:36,425 Failed to get ticker 'MDLZ' reason: Expecting value: line 1 column 1 (char 0)
2026-06-19 21:23:36,465 Failed to get ticker 'AMD' reason: Expecting value: line 1 column 1 (char 0)
2026-06-19 21:23:36,497 $ULTA: possibly delisted; no price data found  (period=5y)
2026-06-19 21:23:36,521 $AVY: possibly delisted; no price data found  (period=5y)
2026-06-19 21:23:36,534 $MDLZ: possibly delisted; no price data found  (period=5y)
2026-06-19 21:23:36,629 Failed to get ticker 'ACGL' reason: Expecting value: line 1 column 1 (char 0)
2026-06-19 21:23:36,630 $AMD: possibly delisted; no price data found  (period=5y)
2026-06-19 21:23:36,680 Failed to get ticker 'DIS' reason: Expecting value: line 1 column 1 (char 0)
2026-06-19 21:23:36,719 Failed to get ticker 'FIX' reason: Expecting value: line 1 column 1 (char 0)
2026-06-19 21:23:36,802 Failed to get ticker 'IDXX' reason: Expecting value: line 1 column 1 (char 0)
2026-06-19 21:23:36,825 $ACGL: possibly delisted; no price data found  (period=5y)
2026-06-19 21:23:36,837 $FIX: possibly delisted; no price data found  (period=5y)
2026-06-19 21:23:36,849 $DIS: possibly delisted; no price data found  (period=5y)
2026-06-19 21:23:36,939 $IDXX: possibly delisted; no price data found  (period=5y)
2026-06-19 21:23:36,953 Failed to get ticker 'NI' reason: Expecting value: line 1 column 1 (char 0)
2026-06-19 21:23:36,961 Failed to get ticker 'ROP' reason: Expecting value: line 1 column 1 (char 0)
2026-06-19 21:23:36,992 Failed to get ticker 'APTV' reason: Expecting value: line 1 column 1 (char 0)
2026-06-19 21:23:37,058 $NI: possibly delisted; no price data found  (period=5y)
2026-06-19 21:23:37,097 $ROP: possibly delisted; no price data found  (period=5y)
2026-06-19 21:23:37,104 $APTV: possibly delisted; no price data found  (period=5y)
2026-06-19 21:23:37,150 Failed to get ticker 'MCK' reason: Expecting value: line 1 column 1 (char 0)
2026-06-19 21:23:37,247 Failed to get ticker 'WM' reason: Expecting value: line 1 column 1 (char 0)
2026-06-19 21:23:37,294 Failed to get ticker 'AMP' reason: Expecting value: line 1 column 1 (char 0)
2026-06-19 21:23:37,305 Failed to get ticker 'EQR' reason: Expecting value: line 1 column 1 (char 0)
2026-06-19 21:23:37,308 $MCK: possibly delisted; no price data found  (period=5y)
2026-06-19 21:23:37,357 $WM: possibly delisted; no price data found  (period=5y)
2026-06-19 21:23:37,395 $EQR: possibly delisted; no price data found  (period=5y)
2026-06-19 21:23:37,439 Failed to get ticker 'PAYX' reason: Expecting value: line 1 column 1 (char 0)
2026-06-19 21:23:37,468 $AMP: possibly delisted; no price data found  (period=5y)
2026-06-19 21:23:37,542 Failed to get ticker 'INVH' reason: Expecting value: line 1 column 1 (char 0)
2026-06-19 21:23:37,561 $PAYX: possibly delisted; no price data found  (period=5y)
2026-06-19 21:23:37,592 Failed to get ticker 'MTD' reason: Expecting value: line 1 column 1 (char 0)
2026-06-19 21:23:37,653 $INVH: possibly delisted; no price data found  (period=5y)
2026-06-19 21:23:37,700 Failed to get ticker 'GNRC' reason: Expecting value: line 1 column 1 (char 0)
2026-06-19 21:23:37,737 Failed to get ticker 'TEL' reason: Expecting value: line 1 column 1 (char 0)
2026-06-19 21:23:37,780 $MTD: possibly delisted; no price data found  (period=5y)
2026-06-19 21:23:37,825 Failed to get ticker 'D' reason: Expecting value: line 1 column 1 (char 0)
2026-06-19 21:23:37,841 $TEL: possibly delisted; no price data found  (period=5y)
2026-06-19 21:23:37,882 $GNRC: possibly delisted; no price data found  (period=5y)
2026-06-19 21:23:37,947 Failed to get ticker 'ON' reason: Expecting value: line 1 column 1 (char 0)
2026-06-19 21:23:37,965 $D: possibly delisted; no price data found  (period=5y)
2026-06-19 21:23:37,982 Failed to get ticker 'TER' reason: Expecting value: line 1 column 1 (char 0)
2026-06-19 21:23:38,028 Failed to get ticker 'WFC' reason: Expecting value: line 1 column 1 (char 0)
2026-06-19 21:23:38,043 $ON: possibly delisted; no price data found  (period=5y)
2026-06-19 21:23:38,105 Failed to get ticker 'EL' reason: Expecting value: line 1 column 1 (char 0)
2026-06-19 21:23:38,125 $TER: possibly delisted; no price data found  (period=5y)
2026-06-19 21:23:38,137 $WFC: possibly delisted; no price data found  (period=5y)
2026-06-19 21:23:38,209 Failed to get ticker 'LYV' reason: Expecting value: line 1 column 1 (char 0)
2026-06-19 21:23:38,228 $EL: possibly delisted; no price data found  (period=5y)
2026-06-19 21:23:38,262 Failed to get ticker 'NDAQ' reason: Expecting value: line 1 column 1 (char 0)
2026-06-19 21:23:38,330 Failed to get ticker 'TMUS' reason: Expecting value: line 1 column 1 (char 0)
2026-06-19 21:23:38,361 Failed to get ticker 'EPAM' reason: Expecting value: line 1 column 1 (char 0)
2026-06-19 21:23:38,366 $LYV: possibly delisted; no price data found  (period=5y)
2026-06-19 21:23:38,393 $NDAQ: possibly delisted; no price data found  (period=5y)
2026-06-19 21:23:38,483 $TMUS: possibly delisted; no price data found  (period=5y)
2026-06-19 21:23:38,528 $EPAM: possibly delisted; no price data found  (period=5y)
2026-06-19 21:23:38,540 Failed to get ticker 'KLAC' reason: Expecting value: line 1 column 1 (char 0)
2026-06-19 21:23:38,649 Failed to get ticker 'FOXA' reason: Expecting value: line 1 column 1 (char 0)
2026-06-19 21:23:38,650 Failed to get ticker 'INTU' reason: Expecting value: line 1 column 1 (char 0)
2026-06-19 21:23:38,694 $KLAC: possibly delisted; no price data found  (period=5y)
2026-06-19 21:23:38,743 Failed to get ticker 'GPN' reason: Expecting value: line 1 column 1 (char 0)
2026-06-19 21:23:38,817 $FOXA: possibly delisted; no price data found  (period=5y)
2026-06-19 21:23:38,824 $INTU: possibly delisted; no price data found  (period=5y)
2026-06-19 21:23:38,875 $GPN: possibly delisted; no price data found  (period=5y)
2026-06-19 21:23:38,876 Failed to get ticker 'SO' reason: Expecting value: line 1 column 1 (char 0)
2026-06-19 21:23:38,995 Failed to get ticker 'BX' reason: Expecting value: line 1 column 1 (char 0)
2026-06-19 21:23:39,036 Failed to get ticker 'HII' reason: Expecting value: line 1 column 1 (char 0)
2026-06-19 21:23:39,082 Failed to get ticker 'TPR' reason: Expecting value: line 1 column 1 (char 0)
2026-06-19 21:23:39,479 $SO: possibly delisted; no price data found  (period=5y)
2026-06-19 21:23:39,495 $BX: possibly delisted; no price data found  (period=5y)
2026-06-19 21:23:39,542 $HII: possibly delisted; no price data found  (period=5y)
2026-06-19 21:23:39,566 $TPR: possibly delisted; no price data found  (period=5y)
2026-06-19 21:23:39,615 Failed to get ticker 'HSY' reason: Expecting value: line 1 column 1 (char 0)
2026-06-19 21:23:39,707 Failed to get ticker 'MET' reason: Expecting value: line 1 column 1 (char 0)
2026-06-19 21:23:39,712 Failed to get ticker 'KIM' reason: Expecting value: line 1 column 1 (char 0)
2026-06-19 21:23:39,724 $HSY: possibly delisted; no price data found  (period=5y)
2026-06-19 21:23:39,781 Failed to get ticker 'BNY' reason: Expecting value: line 1 column 1 (char 0)
2026-06-19 21:23:39,810 $MET: possibly delisted; no price data found  (period=5y)
2026-06-19 21:23:39,867 $KIM: possibly delisted; no price data found  (period=5y)
2026-06-19 21:23:39,939 $BNY: possibly delisted; no price data found  (period=5y)
2026-06-19 21:23:39,947 Failed to get ticker 'DLTR' reason: Expecting value: line 1 column 1 (char 0)
2026-06-19 21:23:40,021 Failed to get ticker 'PWR' reason: Expecting value: line 1 column 1 (char 0)
2026-06-19 21:23:40,039 Failed to get ticker 'GEN' reason: Expecting value: line 1 column 1 (char 0)
2026-06-19 21:23:40,091 $DLTR: possibly delisted; no price data found  (period=5y)
2026-06-19 21:23:40,116 Failed to get ticker 'VTRS' reason: Expecting value: line 1 column 1 (char 0)
2026-06-19 21:23:40,117 $PWR: possibly delisted; no price data found  (period=5y)
2026-06-19 21:23:40,174 $GEN: possibly delisted; no price data found  (period=5y)
2026-06-19 21:23:40,290 Failed to get ticker 'WTW' reason: Expecting value: line 1 column 1 (char 0)
2026-06-19 21:23:40,307 $VTRS: possibly delisted; no price data found  (period=5y)
2026-06-19 21:23:40,327 Failed to get ticker 'KEYS' reason: Expecting value: line 1 column 1 (char 0)
2026-06-19 21:23:40,396 Failed to get ticker 'EA' reason: Expecting value: line 1 column 1 (char 0)
2026-06-19 21:23:40,417 $WTW: possibly delisted; no price data found  (period=5y)
2026-06-19 21:23:40,465 $KEYS: possibly delisted; no price data found  (period=5y)
2026-06-19 21:23:40,468 Failed to get ticker 'NXPI' reason: Expecting value: line 1 column 1 (char 0)
2026-06-19 21:23:40,531 $EA: possibly delisted; no price data found  (period=5y)
2026-06-19 21:23:40,576 Failed to get ticker 'CVNA' reason: Expecting value: line 1 column 1 (char 0)
2026-06-19 21:23:40,621 Failed to get ticker 'DELL' reason: Expecting value: line 1 column 1 (char 0)
2026-06-19 21:23:40,653 $NXPI: possibly delisted; no price data found  (period=5y)
2026-06-19 21:23:40,754 $DELL: possibly delisted; no price data found  (period=5y)
2026-06-19 21:23:40,763 $CVNA: possibly delisted; no price data found  (period=5y)
2026-06-19 21:23:40,779 Failed to get ticker 'IP' reason: Expecting value: line 1 column 1 (char 0)
2026-06-19 21:23:40,843 Failed to get ticker 'PG' reason: Expecting value: line 1 column 1 (char 0)
2026-06-19 21:23:40,909 Failed to get ticker 'PNW' reason: Expecting value: line 1 column 1 (char 0)
2026-06-19 21:23:40,911 $IP: possibly delisted; no price data found  (period=5y)
2026-06-19 21:23:40,929 Failed to get ticker 'LYB' reason: Expecting value: line 1 column 1 (char 0)
2026-06-19 21:23:40,931 $PG: possibly delisted; no price data found  (period=5y)
2026-06-19 21:23:41,011 $PNW: possibly delisted; no price data found  (period=5y)
2026-06-19 21:23:41,041 $LYB: possibly delisted; no price data found  (period=5y)
2026-06-19 21:23:41,057 Failed to get ticker 'CTAS' reason: Expecting value: line 1 column 1 (char 0)
2026-06-19 21:23:41,110 Failed to get ticker 'REG' reason: Expecting value: line 1 column 1 (char 0)
2026-06-19 21:23:41,158 Failed to get ticker 'A' reason: Expecting value: line 1 column 1 (char 0)
2026-06-19 21:23:41,169 $CTAS: possibly delisted; no price data found  (period=5y)
2026-06-19 21:23:41,184 Failed to get ticker 'NRG' reason: Expecting value: line 1 column 1 (char 0)
2026-06-19 21:23:41,226 $REG: possibly delisted; no price data found  (period=5y)
2026-06-19 21:23:41,255 $A: possibly delisted; no price data found  (period=5y)
2026-06-19 21:23:41,313 $NRG: possibly delisted; no price data found  (period=5y)
2026-06-19 21:23:41,360 Failed to get ticker 'HRL' reason: Expecting value: line 1 column 1 (char 0)
2026-06-19 21:23:41,369 Failed to get ticker 'USB' reason: Expecting value: line 1 column 1 (char 0)
2026-06-19 21:23:41,436 Failed to get ticker 'HON' reason: Expecting value: line 1 column 1 (char 0)
2026-06-19 21:23:41,442 Failed to get ticker 'KMI' reason: Expecting value: line 1 column 1 (char 0)
2026-06-19 21:23:41,456 $HRL: possibly delisted; no price data found  (period=5y)
2026-06-19 21:23:41,499 $USB: possibly delisted; no price data found  (period=5y)
2026-06-19 21:23:41,636 $KMI: possibly delisted; no price data found  (period=5y)
2026-06-19 21:23:41,691 Failed to get ticker 'TXN' reason: Expecting value: line 1 column 1 (char 0)
2026-06-19 21:23:41,695 Failed to get ticker 'UDR' reason: Expecting value: line 1 column 1 (char 0)
2026-06-19 21:23:41,733 $HON: possibly delisted; no price data found  (period=5y)
2026-06-19 21:23:41,839 Failed to get ticker 'SATS' reason: Expecting value: line 1 column 1 (char 0)
2026-06-19 21:23:41,865 Failed to get ticker 'IRM' reason: Expecting value: line 1 column 1 (char 0)
2026-06-19 21:23:41,869 $UDR: possibly delisted; no price data found  (period=5y)
2026-06-19 21:23:41,883 $TXN: possibly delisted; no price data found  (period=5y)
2026-06-19 21:23:41,950 $SATS: possibly delisted; no price data found  (period=5y)
2026-06-19 21:23:41,991 Failed to get ticker 'CDNS' reason: Expecting value: line 1 column 1 (char 0)
2026-06-19 21:23:42,032 Failed to get ticker 'ADM' reason: Expecting value: line 1 column 1 (char 0)
2026-06-19 21:23:42,075 $IRM: possibly delisted; no price data found  (period=5y)
2026-06-19 21:23:42,101 Failed to get ticker 'AZO' reason: Expecting value: line 1 column 1 (char 0)
2026-06-19 21:23:42,143 $ADM: possibly delisted; no price data found  (period=5y)
2026-06-19 21:23:42,154 $CDNS: possibly delisted; no price data found  (period=5y)
2026-06-19 21:23:42,187 $AZO: possibly delisted; no price data found  (period=5y)
2026-06-19 21:23:42,189 Failed to get ticker 'TKO' reason: Expecting value: line 1 column 1 (char 0)
2026-06-19 21:23:42,286 Failed to get ticker 'FDS' reason: Expecting value: line 1 column 1 (char 0)
2026-06-19 21:23:42,326 Failed to get ticker 'ZBH' reason: Expecting value: line 1 column 1 (char 0)
2026-06-19 21:23:42,339 Failed to get ticker 'MCO' reason: Expecting value: line 1 column 1 (char 0)
2026-06-19 21:23:42,363 $TKO: possibly delisted; no price data found  (period=5y)
2026-06-19 21:23:42,405 $FDS: possibly delisted; no price data found  (period=5y)
2026-06-19 21:23:42,430 $ZBH: possibly delisted; no price data found  (period=5y)
2026-06-19 21:23:42,438 $MCO: possibly delisted; no price data found  (period=5y)
2026-06-19 21:23:42,554 Failed to get ticker 'CLX' reason: Expecting value: line 1 column 1 (char 0)
2026-06-19 21:23:42,563 Failed to get ticker 'ZTS' reason: Expecting value: line 1 column 1 (char 0)
2026-06-19 21:23:42,580 Failed to get ticker 'GIS' reason: Expecting value: line 1 column 1 (char 0)
2026-06-19 21:23:42,679 Failed to get ticker 'YUM' reason: Expecting value: line 1 column 1 (char 0)
2026-06-19 21:23:42,725 $CLX: possibly delisted; no price data found  (period=5y)
2026-06-19 21:23:42,771 $ZTS: possibly delisted; no price data found  (period=5y)
2026-06-19 21:23:42,781 $GIS: possibly delisted; no price data found  (period=5y)
2026-06-19 21:23:42,872 $YUM: possibly delisted; no price data found  (period=5y)
2026-06-19 21:23:42,921 Failed to get ticker 'GE' reason: Expecting value: line 1 column 1 (char 0)
2026-06-19 21:23:42,957 Failed to get ticker 'CPRT' reason: Expecting value: line 1 column 1 (char 0)
2026-06-19 21:23:43,020 Failed to get ticker 'EQIX' reason: Expecting value: line 1 column 1 (char 0)
2026-06-19 21:23:43,043 Failed to get ticker 'FRT' reason: Expecting value: line 1 column 1 (char 0)
2026-06-19 21:23:43,074 $CPRT: possibly delisted; no price data found  (period=5y)
2026-06-19 21:23:43,101 $GE: possibly delisted; no price data found  (period=5y)
2026-06-19 21:23:43,111 $EQIX: possibly delisted; no price data found  (period=5y)
2026-06-19 21:23:43,211 Failed to get ticker 'COO' reason: Expecting value: line 1 column 1 (char 0)
2026-06-19 21:23:43,222 $FRT: possibly delisted; no price data found  (period=5y)
2026-06-19 21:23:43,261 Failed to get ticker 'UNH' reason: Expecting value: line 1 column 1 (char 0)
2026-06-19 21:23:43,270 Failed to get ticker 'CMCSA' reason: Expecting value: line 1 column 1 (char 0)
2026-06-19 21:23:43,318 $COO: possibly delisted; no price data found  (period=5y)
2026-06-19 21:23:43,336 $UNH: possibly delisted; no price data found  (period=5y)
2026-06-19 21:23:43,352 Failed to get ticker 'COR' reason: Expecting value: line 1 column 1 (char 0)
2026-06-19 21:23:43,426 $CMCSA: possibly delisted; no price data found  (period=5y)
2026-06-19 21:23:43,550 $COR: possibly delisted; no price data found  (period=5y)
2026-06-19 21:23:43,604 Failed to get ticker 'HLT' reason: Expecting value: line 1 column 1 (char 0)
2026-06-19 21:23:43,648 Failed to get ticker 'BAC' reason: Expecting value: line 1 column 1 (char 0)
2026-06-19 21:23:43,675 Failed to get ticker 'MRSH' reason: Expecting value: line 1 column 1 (char 0)
2026-06-19 21:23:43,725 Failed to get ticker 'MO' reason: Expecting value: line 1 column 1 (char 0)
2026-06-19 21:23:43,742 $HLT: possibly delisted; no price data found  (period=5y)
2026-06-19 21:23:43,751 $BAC: possibly delisted; no price data found  (period=5y)
2026-06-19 21:23:43,782 $MRSH: possibly delisted; no price data found  (period=5y)
2026-06-19 21:23:43,823 $MO: possibly delisted; no price data found  (period=5y)
2026-06-19 21:23:43,887 Failed to get ticker 'PSKY' reason: Expecting value: line 1 column 1 (char 0)
2026-06-19 21:23:43,949 Failed to get ticker 'NFLX' reason: Expecting value: line 1 column 1 (char 0)
2026-06-19 21:23:43,959 Failed to get ticker 'MCD' reason: Expecting value: line 1 column 1 (char 0)
2026-06-19 21:23:43,989 Failed to get ticker 'ALGN' reason: Expecting value: line 1 column 1 (char 0)
2026-06-19 21:23:44,006 $PSKY: possibly delisted; no price data found  (period=5y)
2026-06-19 21:23:44,052 $NFLX: possibly delisted; no price data found  (period=5y)
2026-06-19 21:23:44,093 $MCD: possibly delisted; no price data found  (period=5y)
2026-06-19 21:23:44,102 $ALGN: possibly delisted; no price data found  (period=5y)
2026-06-19 21:23:44,215 Failed to get ticker 'TFC' reason: Expecting value: line 1 column 1 (char 0)
2026-06-19 21:23:44,226 Failed to get ticker 'INCY' reason: Expecting value: line 1 column 1 (char 0)
2026-06-19 21:23:44,235 Failed to get ticker 'CCI' reason: Expecting value: line 1 column 1 (char 0)
2026-06-19 21:23:44,244 Failed to get ticker 'SNA' reason: Expecting value: line 1 column 1 (char 0)
2026-06-19 21:23:44,288 $TFC: possibly delisted; no price data found  (period=5y)
2026-06-19 21:23:44,331 $CCI: possibly delisted; no price data found  (period=5y)
2026-06-19 21:23:44,338 $SNA: possibly delisted; no price data found  (period=5y)
2026-06-19 21:23:44,399 $INCY: possibly delisted; no price data found  (period=5y)
2026-06-19 21:23:44,506 Failed to get ticker 'IVZ' reason: Expecting value: line 1 column 1 (char 0)
2026-06-19 21:23:44,509 Failed to get ticker 'BF.B' reason: Expecting value: line 1 column 1 (char 0)
2026-06-19 21:23:44,518 Failed to get ticker 'LNT' reason: Expecting value: line 1 column 1 (char 0)
2026-06-19 21:23:44,543 Failed to get ticker 'TDY' reason: Expecting value: line 1 column 1 (char 0)
2026-06-19 21:23:44,596 $IVZ: possibly delisted; no price data found  (period=5y)
2026-06-19 21:23:44,625 $BF.B: possibly delisted; no price data found  (period=5y)
2026-06-19 21:23:44,637 $LNT: possibly delisted; no price data found  (period=5y)
2026-06-19 21:23:44,643 $TDY: possibly delisted; no price data found  (period=5y)
2026-06-19 21:23:44,764 Failed to get ticker 'WDC' reason: Expecting value: line 1 column 1 (char 0)
2026-06-19 21:23:44,804 Failed to get ticker 'ABNB' reason: Expecting value: line 1 column 1 (char 0)
2026-06-19 21:23:44,811 Failed to get ticker 'DTE' reason: Expecting value: line 1 column 1 (char 0)
2026-06-19 21:23:44,825 Failed to get ticker 'AME' reason: Expecting value: line 1 column 1 (char 0)
2026-06-19 21:23:44,864 $WDC: possibly delisted; no price data found  (period=5y)
2026-06-19 21:23:44,882 $ABNB: possibly delisted; no price data found  (period=5y)
2026-06-19 21:23:44,889 $DTE: possibly delisted; no price data found  (period=5y)
2026-06-19 21:23:44,946 $AME: possibly delisted; no price data found  (period=5y)
2026-06-19 21:23:44,998 Failed to get ticker 'ETN' reason: Expecting value: line 1 column 1 (char 0)
2026-06-19 21:23:45,059 Failed to get ticker 'C' reason: Expecting value: line 1 column 1 (char 0)
2026-06-19 21:23:45,101 Failed to get ticker 'BLDR' reason: Expecting value: line 1 column 1 (char 0)
2026-06-19 21:23:45,146 Failed to get ticker 'ESS' reason: Expecting value: line 1 column 1 (char 0)
2026-06-19 21:23:45,159 $ETN: possibly delisted; no price data found  (period=5y)
2026-06-19 21:23:45,194 $C: possibly delisted; no price data found  (period=5y)
2026-06-19 21:23:45,265 $BLDR: possibly delisted; no price data found  (period=5y)
2026-06-19 21:23:45,293 $ESS: possibly delisted; no price data found  (period=5y)
2026-06-19 21:23:45,319 Failed to get ticker 'UAL' reason: Expecting value: line 1 column 1 (char 0)
2026-06-19 21:23:45,347 Failed to get ticker 'XYL' reason: Expecting value: line 1 column 1 (char 0)
2026-06-19 21:23:45,411 Failed to get ticker 'VMC' reason: Expecting value: line 1 column 1 (char 0)
2026-06-19 21:23:45,425 $UAL: possibly delisted; no price data found  (period=5y)
2026-06-19 21:23:45,439 Failed to get ticker 'FISV' reason: Expecting value: line 1 column 1 (char 0)
2026-06-19 21:23:45,475 $XYL: possibly delisted; no price data found  (period=5y)
2026-06-19 21:23:45,505 $VMC: possibly delisted; no price data found  (period=5y)
2026-06-19 21:23:45,576 Failed to get ticker 'LOW' reason: Expecting value: line 1 column 1 (char 0)
2026-06-19 21:23:45,612 $FISV: possibly delisted; no price data found  (period=5y)
2026-06-19 21:23:45,622 Failed to get ticker 'ADBE' reason: Expecting value: line 1 column 1 (char 0)
2026-06-19 21:23:45,685 $LOW: possibly delisted; no price data found  (period=5y)
2026-06-19 21:23:45,741 Failed to get ticker 'ADI' reason: Expecting value: line 1 column 1 (char 0)
2026-06-19 21:23:45,749 $ADBE: possibly delisted; no price data found  (period=5y)
2026-06-19 21:23:45,754 Failed to get ticker 'LH' reason: Expecting value: line 1 column 1 (char 0)
2026-06-19 21:23:45,825 $ADI: possibly delisted; no price data found  (period=5y)
2026-06-19 21:23:45,827 Failed to get ticker 'EIX' reason: Expecting value: line 1 column 1 (char 0)
2026-06-19 21:23:45,869 $LH: possibly delisted; no price data found  (period=5y)
2026-06-19 21:23:45,912 Failed to get ticker 'CPB' reason: Expecting value: line 1 column 1 (char 0)
2026-06-19 21:23:45,984 $EIX: possibly delisted; no price data found  (period=5y)
2026-06-19 21:23:46,034 Failed to get ticker 'PFG' reason: Expecting value: line 1 column 1 (char 0)
2026-06-19 21:23:46,041 $CPB: possibly delisted; no price data found  (period=5y)
2026-06-19 21:23:46,045 Failed to get ticker 'VRTX' reason: Expecting value: line 1 column 1 (char 0)
2026-06-19 21:23:46,140 Failed to get ticker 'ARES' reason: Expecting value: line 1 column 1 (char 0)
2026-06-19 21:23:46,173 $VRTX: possibly delisted; no price data found  (period=5y)
2026-06-19 21:23:46,223 Failed to get ticker 'GD' reason: Expecting value: line 1 column 1 (char 0)
2026-06-19 21:23:46,252 $PFG: possibly delisted; no price data found  (period=5y)
2026-06-19 21:23:46,288 $ARES: possibly delisted; no price data found  (period=5y)
2026-06-19 21:23:46,326 $GD: possibly delisted; no price data found  (period=5y)
2026-06-19 21:23:46,338 Failed to get ticker 'LULU' reason: Expecting value: line 1 column 1 (char 0)
2026-06-19 21:23:46,402 Failed to get ticker 'SPGI' reason: Expecting value: line 1 column 1 (char 0)
2026-06-19 21:23:46,476 $LULU: possibly delisted; no price data found  (period=5y)
2026-06-19 21:23:46,532 Failed to get ticker 'GRMN' reason: Expecting value: line 1 column 1 (char 0)
2026-06-19 21:23:46,536 $SPGI: possibly delisted; no price data found  (period=5y)
2026-06-19 21:23:46,547 Failed to get ticker 'NTRS' reason: Expecting value: line 1 column 1 (char 0)
2026-06-19 21:23:46,611 $GRMN: possibly delisted; no price data found  (period=5y)
2026-06-19 21:23:46,659 Failed to get ticker 'VRSN' reason: Expecting value: line 1 column 1 (char 0)
2026-06-19 21:23:46,699 Failed to get ticker 'ABBV' reason: Expecting value: line 1 column 1 (char 0)
2026-06-19 21:23:46,763 $NTRS: possibly delisted; no price data found  (period=5y)
2026-06-19 21:23:46,846 $ABBV: possibly delisted; no price data found  (period=5y)
2026-06-19 21:23:46,858 $VRSN: possibly delisted; no price data found  (period=5y)
2026-06-19 21:23:46,872 Failed to get ticker 'TROW' reason: Expecting value: line 1 column 1 (char 0)
2026-06-19 21:23:46,927 Failed to get ticker 'ICE' reason: Expecting value: line 1 column 1 (char 0)
2026-06-19 21:23:46,979 Failed to get ticker 'REGN' reason: Expecting value: line 1 column 1 (char 0)
2026-06-19 21:23:46,985 $TROW: possibly delisted; no price data found  (period=5y)
2026-06-19 21:23:47,034 Failed to get ticker 'HOOD' reason: Expecting value: line 1 column 1 (char 0)
2026-06-19 21:23:47,097 $ICE: possibly delisted; no price data found  (period=5y)
2026-06-19 21:23:47,165 $REGN: possibly delisted; no price data found  (period=5y)
2026-06-19 21:23:47,188 $HOOD: possibly delisted; no price data found  (period=5y)
2026-06-19 21:23:47,230 Failed to get ticker 'CB' reason: Expecting value: line 1 column 1 (char 0)
2026-06-19 21:23:47,300 Failed to get ticker 'OXY' reason: Expecting value: line 1 column 1 (char 0)
2026-06-19 21:23:47,328 Failed to get ticker 'AVGO' reason: Expecting value: line 1 column 1 (char 0)
2026-06-19 21:23:47,346 $CB: possibly delisted; no price data found  (period=5y)
2026-06-19 21:23:47,398 Failed to get ticker 'MPWR' reason: Expecting value: line 1 column 1 (char 0)
2026-06-19 21:23:47,425 $OXY: possibly delisted; no price data found  (period=5y)
2026-06-19 21:23:47,476 $AVGO: possibly delisted; no price data found  (period=5y)
2026-06-19 21:23:47,490 Failed to get ticker 'VRSK' reason: Expecting value: line 1 column 1 (char 0)
2026-06-19 21:23:47,506 $MPWR: possibly delisted; no price data found  (period=5y)
2026-06-19 21:23:47,574 Failed to get ticker 'BBY' reason: Expecting value: line 1 column 1 (char 0)
2026-06-19 21:23:47,597 $VRSK: possibly delisted; no price data found  (period=5y)
2026-06-19 21:23:47,610 Failed to get ticker 'MCHP' reason: Expecting value: line 1 column 1 (char 0)
2026-06-19 21:23:47,692 Failed to get ticker 'DECK' reason: Expecting value: line 1 column 1 (char 0)
2026-06-19 21:23:47,718 $BBY: possibly delisted; no price data found  (period=5y)
2026-06-19 21:23:47,771 $MCHP: possibly delisted; no price data found  (period=5y)
2026-06-19 21:23:47,832 Failed to get ticker 'F' reason: Expecting value: line 1 column 1 (char 0)
2026-06-19 21:23:47,859 $DECK: possibly delisted; no price data found  (period=5y)
2026-06-19 21:23:47,886 Failed to get ticker 'BMY' reason: Expecting value: line 1 column 1 (char 0)
2026-06-19 21:23:47,933 Failed to get ticker 'NWS' reason: Expecting value: line 1 column 1 (char 0)
2026-06-19 21:23:47,958 $F: possibly delisted; no price data found  (period=5y)
2026-06-19 21:23:48,088 $BMY: possibly delisted; no price data found  (period=5y)
2026-06-19 21:23:48,093 $NWS: possibly delisted; no price data found  (period=5y)
2026-06-19 21:23:48,107 Failed to get ticker 'ECL' reason: Expecting value: line 1 column 1 (char 0)
2026-06-19 21:23:48,130 Failed to get ticker 'EG' reason: Expecting value: line 1 column 1 (char 0)
2026-06-19 21:23:48,224 Failed to get ticker 'SMCI' reason: Expecting value: line 1 column 1 (char 0)
2026-06-19 21:23:48,271 $ECL: possibly delisted; no price data found  (period=5y)
2026-06-19 21:23:48,275 $EG: possibly delisted; no price data found  (period=5y)
2026-06-19 21:23:48,295 Failed to get ticker 'JBHT' reason: Expecting value: line 1 column 1 (char 0)
2026-06-19 21:23:48,389 $SMCI: possibly delisted; no price data found  (period=5y)
2026-06-19 21:23:48,409 Failed to get ticker 'NEE' reason: Expecting value: line 1 column 1 (char 0)
2026-06-19 21:23:48,415 $JBHT: possibly delisted; no price data found  (period=5y)
2026-06-19 21:23:48,417 Failed to get ticker 'CNP' reason: Expecting value: line 1 column 1 (char 0)
2026-06-19 21:23:48,500 $NEE: possibly delisted; no price data found  (period=5y)
2026-06-19 21:23:48,539 $CNP: possibly delisted; no price data found  (period=5y)
2026-06-19 21:23:48,555 Failed to get ticker 'GL' reason: Expecting value: line 1 column 1 (char 0)
2026-06-19 21:23:48,607 Failed to get ticker 'ITW' reason: Expecting value: line 1 column 1 (char 0)
2026-06-19 21:23:48,656 Failed to get ticker 'HSIC' reason: Expecting value: line 1 column 1 (char 0)
2026-06-19 21:23:48,659 $GL: possibly delisted; no price data found  (period=5y)
2026-06-19 21:23:48,706 Failed to get ticker 'EVRG' reason: Expecting value: line 1 column 1 (char 0)
2026-06-19 21:23:48,739 $ITW: possibly delisted; no price data found  (period=5y)
2026-06-19 21:23:48,839 Failed to get ticker 'TPL' reason: Expecting value: line 1 column 1 (char 0)
2026-06-19 21:23:48,856 $EVRG: possibly delisted; no price data found  (period=5y)
2026-06-19 21:23:48,872 Failed to get ticker 'LUV' reason: Expecting value: line 1 column 1 (char 0)
2026-06-19 21:23:48,888 $HSIC: possibly delisted; no price data found  (period=5y)
2026-06-19 21:23:48,951 $TPL: possibly delisted; no price data found  (period=5y)
2026-06-19 21:23:49,000 Failed to get ticker 'ED' reason: Expecting value: line 1 column 1 (char 0)
2026-06-19 21:23:49,037 Failed to get ticker 'DE' reason: Expecting value: line 1 column 1 (char 0)
2026-06-19 21:23:49,067 $LUV: possibly delisted; no price data found  (period=5y)
2026-06-19 21:23:49,103 $ED: possibly delisted; no price data found  (period=5y)
2026-06-19 21:23:49,108 $DE: possibly delisted; no price data found  (period=5y)
2026-06-19 21:23:49,112 
503 Failed downloads:
2026-06-19 21:23:49,113 ['TJX', 'MA', 'AMGN', 'INTC', 'SHW', 'FITB', 'DVN', 'SRE', 'KHC', 'GWW', 'LDOS', 'PCG', 'PGR', 'LRCX', 'PH', 'MOS', 'DDOG', 'NWSA', 'HAS', 'SJM', 'BR', 'FDX', 'IBM', 'BSX', 'EFX', 'CNC', 'CHTR', 'ADSK', 'GOOG', 'WY', 'MSI', 'MNST', 'GM', 'FCX', 'AMCR', 'PPG', 'TRV', 'TTD', 'AON', 'LHX', 'AWK', 'RSG', 'COF', 'EBAY', 'CSGP', 'HIG', 'RTX', 'DPZ', 'AVB', 'TSLA', 'URI', 'SOLV', 'DASH', 'FOX', 'SYF', 'NVDA', 'AMT', 'SWKS', 'CDW', 'MS', 'CARR', 'MAR', 'BEN', 'KVUE', 'CTSH', 'CIEN', 'COST', 'AIG', 'HD', 'RJF', 'GDDY', 'APO', 'META', 'GEHC', 'GEV', 'NEM', 'TYL', 'VTR', 'COP', 'WRB', 'GS', 'DXCM', 'TECH', 'CRWD', 'LII', 'XEL', 'DRI', 'WMB', 'PLD', 'NOC', 'FFIV', 'DVA', 'DHI', 'EXPE', 'RL', 'CBOE', 'BKNG', 'WELL', 'EW', 'EQT', 'UBER', 'APD', 'STX', 'ROST', 'MSFT', 'PSA', 'RCL', 'IBKR', 'JCI', 'BXP', 'L', 'EMR', 'SPG', 'PCAR', 'TRMB', 'GLW', 'MU', 'AMZN', 'EXR', 'FE', 'VST', 'SNPS', 'KKR', 'SYY', 'EME', 'MDT', 'MTB', 'KDP', 'KR', 'GPC', 'HBAN', 'BAX', 'COHR', 'VZ', 'AXP', 'PTC', 'APA', 'BKR', 'WAB', 'SWK', 'APP', 'DOW', 'IEX', 'PHM', 'ALLE', 'CVS', 'PRU', 'T', 'CF', 'MGM', 'CASY', 'WSM', 'MAA', 'CMG', 'SNDK', 'IT', 'SCHW', 'CTVA', 'FICO', 'NUE', 'CL', 'OKE', 'DD', 'CHRW', 'CMS', 'ELV', 'EXPD', 'IR', 'PYPL', 'ROK', 'CEG', 'KEY', 'DOC', 'LITE', 'CAG', 'EXE', 'TGT', 'IQV', 'WST', 'NCLH', 'TTWO', 'AEE', 'XOM', 'POOL', 'TSN', 'PEG', 'HAL', 'CVX', 'MRK', 'O', 'CINF', 'TT', 'NOW', 'HPQ', 'CSCO', 'CCL', 'ORLY', 'KMB', 'FTNT', 'CSX', 'DGX', 'MPC', 'CI', 'ODFL', 'MLM', 'ALL', 'CBRE', 'LVS', 'HST', 'BRK.B', 'CAT', 'ZBRA', 'TAP', 'CRH', 'FTV', 'PODD', 'PKG', 'PEP', 'J', 'STLD', 'CHD', 'JKHY', 'RVTY', 'WAT', 'CAH', 'V', 'DLR', 'PNR', 'PLTR', 'UPS', 'SYK', 'CFG', 'SW', 'NSC', 'ERIE', 'HWM', 'SLB', 'MMM', 'PANW', 'DG', 'ANET', 'GILD', 'VLO', 'BIIB', 'MKC', 'AEP', 'FIS', 'WMT', 'NKE', 'HPE', 'BA', 'AOS', 'JPM', 'ROL', 'UNP', 'CPAY', 'AJG', 'CMI', 'COIN', 'EXC', 'JBL', 'MRNA', 'LEN', 'MAS', 'AIZ', 'PPL', 'BRO', 'WDAY', 'OTIS', 'VRT', 'ETR', 'WEC', 'STT', 'BG', 'TSCO', 'RF', 'ISRG', 'TDG', 'APH', 'UHS', 'IFF', 'LLY', 'VEEV', 'ADP', 'KO', 'CPT', 'ATO', 'NTAP', 'ORCL', 'GOOGL', 'HUM', 'DHR', 'TXT', 'VLTO', 'DAL', 'EOG', 'ABT', 'NVR', 'AMAT', 'NDSN', 'PFE', 'FSLR', 'LIN', 'ARE', 'PM', 'TRGP', 'FAST', 'MSCI', 'AAPL', 'AES', 'PNC', 'OMC', 'FANG', 'WBD', 'SBUX', 'AFL', 'WYNN', 'BALL', 'TMO', 'RMD', 'CME', 'HUBB', 'SBAC', 'CRM', 'DUK', 'ALB', 'QCOM', 'HCA', 'AXON', 'BDX', 'STZ', 'BLK', 'ES', 'DOV', 'LMT', 'STE', 'JNJ', 'AKAM', 'Q', 'CRL', 'PSX', 'XYZ', 'ULTA', 'AVY', 'MDLZ', 'AMD', 'ACGL', 'FIX', 'DIS', 'IDXX', 'NI', 'ROP', 'APTV', 'MCK', 'WM', 'EQR', 'AMP', 'PAYX', 'INVH', 'MTD', 'TEL', 'GNRC', 'D', 'ON', 'TER', 'WFC', 'EL', 'LYV', 'NDAQ', 'TMUS', 'EPAM', 'KLAC', 'FOXA', 'INTU', 'GPN', 'SO', 'BX', 'HII', 'TPR', 'HSY', 'MET', 'KIM', 'BNY', 'DLTR', 'PWR', 'GEN', 'VTRS', 'WTW', 'KEYS', 'EA', 'NXPI', 'DELL', 'CVNA', 'IP', 'PG', 'PNW', 'LYB', 'CTAS', 'REG', 'A', 'NRG', 'HRL', 'USB', 'KMI', 'HON', 'UDR', 'TXN', 'SATS', 'IRM', 'ADM', 'CDNS', 'AZO', 'TKO', 'FDS', 'ZBH', 'MCO', 'CLX', 'ZTS', 'GIS', 'YUM', 'CPRT', 'GE', 'EQIX', 'FRT', 'COO', 'UNH', 'CMCSA', 'COR', 'HLT', 'BAC', 'MRSH', 'MO', 'PSKY', 'NFLX', 'MCD', 'ALGN', 'TFC', 'CCI', 'SNA', 'INCY', 'IVZ', 'BF.B', 'LNT', 'TDY', 'WDC', 'ABNB', 'DTE', 'AME', 'ETN', 'C', 'BLDR', 'ESS', 'UAL', 'XYL', 'VMC', 'FISV', 'LOW', 'ADBE', 'ADI', 'LH', 'EIX', 'CPB', 'VRTX', 'PFG', 'ARES', 'GD', 'LULU', 'SPGI', 'GRMN', 'NTRS', 'ABBV', 'VRSN', 'TROW', 'ICE', 'REGN', 'HOOD', 'CB', 'OXY', 'AVGO', 'MPWR', 'VRSK', 'BBY', 'MCHP', 'DECK', 'F', 'BMY', 'NWS', 'ECL', 'EG', 'SMCI', 'JBHT', 'NEE', 'CNP', 'GL', 'ITW', 'EVRG', 'HSIC', 'TPL', 'LUV', 'ED', 'DE']: possibly delisted; no price data found  (period=5y)
2026-06-19 21:23:49,113 ['ACN', 'VICI']: TypeError("argument of type 'NoneType' is not iterable")
