2026-06-20 13:53:28,141 === Monthly Rebalance [LIVE] — 2026-06-20T13:53:28.141750 ===
2026-06-20 13:53:28,141 Loading S&P 500 universe...
2026-06-20 13:53:28,145   Universe: 503 tickers
2026-06-20 13:53:28,145 Fetching live price and fundamental data...
2026-06-20 13:53:57,838 $BRK.B: possibly delisted; no price data found  (period=5y) (Yahoo error = "No data found, symbol may be delisted")
2026-06-20 13:54:01,586 $BF.B: possibly delisted; no price data found  (period=5y)
2026-06-20 13:54:04,096 
2 Failed downloads:
2026-06-20 13:54:04,096 ['BRK.B']: possibly delisted; no price data found  (period=5y) (Yahoo error = "No data found, symbol may be delisted")
2026-06-20 13:54:04,096 ['BF.B']: possibly delisted; no price data found  (period=5y)
2026-06-20 13:56:00,644 Loading historical index data from processed files...
2026-06-20 13:56:00,649 Building factor panel and computing signals...
2026-06-20 13:56:00,678 
--- Strategy: improved_4 ---
2026-06-20 13:56:00,980   Connected to Alpaca. Current holdings: []
2026-06-20 13:56:04,538   Rebalance complete. Holdings: ['APP', 'CL', 'CLX', 'GDDY', 'LITE', 'MA', 'MAS', 'SATS', 'SNDK', 'STX']
2026-06-20 13:56:04,538 
State saved to /home/runner/work/factor_investing_in_sp500/factor_investing_in_sp500/paper_trading/data/portfolio_state.json
2026-06-20 13:56:04,539 Log: /home/runner/work/factor_investing_in_sp500/factor_investing_in_sp500/paper_trading/logs/rebalance_20260620_135328.log
2026-06-20 13:56:04,539 === Done ===
